15:20:54 **** Build of configuration Debug for project PID_Flight_Controller ****
make -j12 all 
arm-none-eabi-gcc "../Drivers/STM32L4xx_HAL_Driver/Src/stm32l4xx_hal.c" -mcpu=cortex-m4 -std=gnu11 -g3 -DDEBUG -DUSE_HAL_DRIVER -DSTM32L432xx -c -I../Core/Inc -I../Drivers/STM32L4xx_HAL_Driver/Inc -I../Drivers/STM32L4xx_HAL_Driver/Inc/Legacy -I../Drivers/CMSIS/Device/ST/STM32L4xx/Include -I../Drivers/CMSIS/Include -O0 -ffunction-sections -fdata-sections -Wall -fstack-usage -fcyclomatic-complexity -MMD -MP -MF"Drivers/STM32L4xx_HAL_Driver/Src/stm32l4xx_hal.d" -MT"Drivers/STM32L4xx_HAL_Driver/Src/stm32l4xx_hal.o" --specs=nano.specs -mfpu=fpv4-sp-d16 -mfloat-abi=hard -mthumb -o "Drivers/STM32L4xx_HAL_Driver/Src/stm32l4xx_hal.o"
arm-none-eabi-gcc "../Drivers/STM32L4xx_HAL_Driver/Src/stm32l4xx_hal_cortex.c" -mcpu=cortex-m4 -std=gnu11 -g3 -DDEBUG -DUSE_HAL_DRIVER -DSTM32L432xx -c -I../Core/Inc -I../Drivers/STM32L4xx_HAL_Driver/Inc -I../Drivers/STM32L4xx_HAL_Driver/Inc/Legacy -I../Drivers/CMSIS/Device/ST/STM32L4xx/Include -I../Drivers/CMSIS/Include -O0 -ffunction-sections -fdata-sections -Wall -fstack-usage -fcyclomatic-complexity -MMD -MP -MF"Drivers/STM32L4xx_HAL_Driver/Src/stm32l4xx_hal_cortex.d" -MT"Drivers/STM32L4xx_HAL_Driver/Src/stm32l4xx_hal_cortex.o" --specs=nano.specs -mfpu=fpv4-sp-d16 -mfloat-abi=hard -mthumb -o "Drivers/STM32L4xx_HAL_Driver/Src/stm32l4xx_hal_cortex.o"
arm-none-eabi-gcc "../Drivers/STM32L4xx_HAL_Driver/Src/stm32l4xx_hal_dma.c" -mcpu=cortex-m4 -std=gnu11 -g3 -DDEBUG -DUSE_HAL_DRIVER -DSTM32L432xx -c -I../Core/Inc -I../Drivers/STM32L4xx_HAL_Driver/Inc -I../Drivers/STM32L4xx_HAL_Driver/Inc/Legacy -I../Drivers/CMSIS/Device/ST/STM32L4xx/Include -I../Drivers/CMSIS/Include -O0 -ffunction-sections -fdata-sections -Wall -fstack-usage -fcyclomatic-complexity -MMD -MP -MF"Drivers/STM32L4xx_HAL_Driver/Src/stm32l4xx_hal_dma.d" -MT"Drivers/STM32L4xx_HAL_Driver/Src/stm32l4xx_hal_dma.o" --specs=nano.specs -mfpu=fpv4-sp-d16 -mfloat-abi=hard -mthumb -o "Drivers/STM32L4xx_HAL_Driver/Src/stm32l4xx_hal_dma.o"
arm-none-eabi-gcc "../Drivers/STM32L4xx_HAL_Driver/Src/stm32l4xx_hal_dma_ex.c" -mcpu=cortex-m4 -std=gnu11 -g3 -DDEBUG -DUSE_HAL_DRIVER -DSTM32L432xx -c -I../Core/Inc -I../Drivers/STM32L4xx_HAL_Driver/Inc -I../Drivers/STM32L4xx_HAL_Driver/Inc/Legacy -I../Drivers/CMSIS/Device/ST/STM32L4xx/Include -I../Drivers/CMSIS/Include -O0 -ffunction-sections -fdata-sections -Wall -fstack-usage -fcyclomatic-complexity -MMD -MP -MF"Drivers/STM32L4xx_HAL_Driver/Src/stm32l4xx_hal_dma_ex.d" -MT"Drivers/STM32L4xx_HAL_Driver/Src/stm32l4xx_hal_dma_ex.o" --specs=nano.specs -mfpu=fpv4-sp-d16 -mfloat-abi=hard -mthumb -o "Drivers/STM32L4xx_HAL_Driver/Src/stm32l4xx_hal_dma_ex.o"
arm-none-eabi-gcc "../Drivers/STM32L4xx_HAL_Driver/Src/stm32l4xx_hal_exti.c" -mcpu=cortex-m4 -std=gnu11 -g3 -DDEBUG -DUSE_HAL_DRIVER -DSTM32L432xx -c -I../Core/Inc -I../Drivers/STM32L4xx_HAL_Driver/Inc -I../Drivers/STM32L4xx_HAL_Driver/Inc/Legacy -I../Drivers/CMSIS/Device/ST/STM32L4xx/Include -I../Drivers/CMSIS/Include -O0 -ffunction-sections -fdata-sections -Wall -fstack-usage -fcyclomatic-complexity -MMD -MP -MF"Drivers/STM32L4xx_HAL_Driver/Src/stm32l4xx_hal_exti.d" -MT"Drivers/STM32L4xx_HAL_Driver/Src/stm32l4xx_hal_exti.o" --specs=nano.specs -mfpu=fpv4-sp-d16 -mfloat-abi=hard -mthumb -o "Drivers/STM32L4xx_HAL_Driver/Src/stm32l4xx_hal_exti.o"
arm-none-eabi-gcc "../Drivers/STM32L4xx_HAL_Driver/Src/stm32l4xx_hal_flash.c" -mcpu=cortex-m4 -std=gnu11 -g3 -DDEBUG -DUSE_HAL_DRIVER -DSTM32L432xx -c -I../Core/Inc -I../Drivers/STM32L4xx_HAL_Driver/Inc -I../Drivers/STM32L4xx_HAL_Driver/Inc/Legacy -I../Drivers/CMSIS/Device/ST/STM32L4xx/Include -I../Drivers/CMSIS/Include -O0 -ffunction-sections -fdata-sections -Wall -fstack-usage -fcyclomatic-complexity -MMD -MP -MF"Drivers/STM32L4xx_HAL_Driver/Src/stm32l4xx_hal_flash.d" -MT"Drivers/STM32L4xx_HAL_Driver/Src/stm32l4xx_hal_flash.o" --specs=nano.specs -mfpu=fpv4-sp-d16 -mfloat-abi=hard -mthumb -o "Drivers/STM32L4xx_HAL_Driver/Src/stm32l4xx_hal_flash.o"
arm-none-eabi-gcc "../Drivers/STM32L4xx_HAL_Driver/Src/stm32l4xx_hal_flash_ex.c" -mcpu=cortex-m4 -std=gnu11 -g3 -DDEBUG -DUSE_HAL_DRIVER -DSTM32L432xx -c -I../Core/Inc -I../Drivers/STM32L4xx_HAL_Driver/Inc -I../Drivers/STM32L4xx_HAL_Driver/Inc/Legacy -I../Drivers/CMSIS/Device/ST/STM32L4xx/Include -I../Drivers/CMSIS/Include -O0 -ffunction-sections -fdata-sections -Wall -fstack-usage -fcyclomatic-complexity -MMD -MP -MF"Drivers/STM32L4xx_HAL_Driver/Src/stm32l4xx_hal_flash_ex.d" -MT"Drivers/STM32L4xx_HAL_Driver/Src/stm32l4xx_hal_flash_ex.o" --specs=nano.specs -mfpu=fpv4-sp-d16 -mfloat-abi=hard -mthumb -o "Drivers/STM32L4xx_HAL_Driver/Src/stm32l4xx_hal_flash_ex.o"
arm-none-eabi-gcc "../Drivers/STM32L4xx_HAL_Driver/Src/stm32l4xx_hal_flash_ramfunc.c" -mcpu=cortex-m4 -std=gnu11 -g3 -DDEBUG -DUSE_HAL_DRIVER -DSTM32L432xx -c -I../Core/Inc -I../Drivers/STM32L4xx_HAL_Driver/Inc -I../Drivers/STM32L4xx_HAL_Driver/Inc/Legacy -I../Drivers/CMSIS/Device/ST/STM32L4xx/Include -I../Drivers/CMSIS/Include -O0 -ffunction-sections -fdata-sections -Wall -fstack-usage -fcyclomatic-complexity -MMD -MP -MF"Drivers/STM32L4xx_HAL_Driver/Src/stm32l4xx_hal_flash_ramfunc.d" -MT"Drivers/STM32L4xx_HAL_Driver/Src/stm32l4xx_hal_flash_ramfunc.o" --specs=nano.specs -mfpu=fpv4-sp-d16 -mfloat-abi=hard -mthumb -o "Drivers/STM32L4xx_HAL_Driver/Src/stm32l4xx_hal_flash_ramfunc.o"
arm-none-eabi-gcc "../Drivers/STM32L4xx_HAL_Driver/Src/stm32l4xx_hal_gpio.c" -mcpu=cortex-m4 -std=gnu11 -g3 -DDEBUG -DUSE_HAL_DRIVER -DSTM32L432xx -c -I../Core/Inc -I../Drivers/STM32L4xx_HAL_Driver/Inc -I../Drivers/STM32L4xx_HAL_Driver/Inc/Legacy -I../Drivers/CMSIS/Device/ST/STM32L4xx/Include -I../Drivers/CMSIS/Include -O0 -ffunction-sections -fdata-sections -Wall -fstack-usage -fcyclomatic-complexity -MMD -MP -MF"Drivers/STM32L4xx_HAL_Driver/Src/stm32l4xx_hal_gpio.d" -MT"Drivers/STM32L4xx_HAL_Driver/Src/stm32l4xx_hal_gpio.o" --specs=nano.specs -mfpu=fpv4-sp-d16 -mfloat-abi=hard -mthumb -o "Drivers/STM32L4xx_HAL_Driver/Src/stm32l4xx_hal_gpio.o"
arm-none-eabi-gcc "../Drivers/STM32L4xx_HAL_Driver/Src/stm32l4xx_hal_i2c.c" -mcpu=cortex-m4 -std=gnu11 -g3 -DDEBUG -DUSE_HAL_DRIVER -DSTM32L432xx -c -I../Core/Inc -I../Drivers/STM32L4xx_HAL_Driver/Inc -I../Drivers/STM32L4xx_HAL_Driver/Inc/Legacy -I../Drivers/CMSIS/Device/ST/STM32L4xx/Include -I../Drivers/CMSIS/Include -O0 -ffunction-sections -fdata-sections -Wall -fstack-usage -fcyclomatic-complexity -MMD -MP -MF"Drivers/STM32L4xx_HAL_Driver/Src/stm32l4xx_hal_i2c.d" -MT"Drivers/STM32L4xx_HAL_Driver/Src/stm32l4xx_hal_i2c.o" --specs=nano.specs -mfpu=fpv4-sp-d16 -mfloat-abi=hard -mthumb -o "Drivers/STM32L4xx_HAL_Driver/Src/stm32l4xx_hal_i2c.o"
arm-none-eabi-gcc "../Drivers/STM32L4xx_HAL_Driver/Src/stm32l4xx_hal_i2c_ex.c" -mcpu=cortex-m4 -std=gnu11 -g3 -DDEBUG -DUSE_HAL_DRIVER -DSTM32L432xx -c -I../Core/Inc -I../Drivers/STM32L4xx_HAL_Driver/Inc -I../Drivers/STM32L4xx_HAL_Driver/Inc/Legacy -I../Drivers/CMSIS/Device/ST/STM32L4xx/Include -I../Drivers/CMSIS/Include -O0 -ffunction-sections -fdata-sections -Wall -fstack-usage -fcyclomatic-complexity -MMD -MP -MF"Drivers/STM32L4xx_HAL_Driver/Src/stm32l4xx_hal_i2c_ex.d" -MT"Drivers/STM32L4xx_HAL_Driver/Src/stm32l4xx_hal_i2c_ex.o" --specs=nano.specs -mfpu=fpv4-sp-d16 -mfloat-abi=hard -mthumb -o "Drivers/STM32L4xx_HAL_Driver/Src/stm32l4xx_hal_i2c_ex.o"
arm-none-eabi-gcc "../Drivers/STM32L4xx_HAL_Driver/Src/stm32l4xx_hal_pwr.c" -mcpu=cortex-m4 -std=gnu11 -g3 -DDEBUG -DUSE_HAL_DRIVER -DSTM32L432xx -c -I../Core/Inc -I../Drivers/STM32L4xx_HAL_Driver/Inc -I../Drivers/STM32L4xx_HAL_Driver/Inc/Legacy -I../Drivers/CMSIS/Device/ST/STM32L4xx/Include -I../Drivers/CMSIS/Include -O0 -ffunction-sections -fdata-sections -Wall -fstack-usage -fcyclomatic-complexity -MMD -MP -MF"Drivers/STM32L4xx_HAL_Driver/Src/stm32l4xx_hal_pwr.d" -MT"Drivers/STM32L4xx_HAL_Driver/Src/stm32l4xx_hal_pwr.o" --specs=nano.specs -mfpu=fpv4-sp-d16 -mfloat-abi=hard -mthumb -o "Drivers/STM32L4xx_HAL_Driver/Src/stm32l4xx_hal_pwr.o"
arm-none-eabi-gcc "../Drivers/STM32L4xx_HAL_Driver/Src/stm32l4xx_hal_pwr_ex.c" -mcpu=cortex-m4 -std=gnu11 -g3 -DDEBUG -DUSE_HAL_DRIVER -DSTM32L432xx -c -I../Core/Inc -I../Drivers/STM32L4xx_HAL_Driver/Inc -I../Drivers/STM32L4xx_HAL_Driver/Inc/Legacy -I../Drivers/CMSIS/Device/ST/STM32L4xx/Include -I../Drivers/CMSIS/Include -O0 -ffunction-sections -fdata-sections -Wall -fstack-usage -fcyclomatic-complexity -MMD -MP -MF"Drivers/STM32L4xx_HAL_Driver/Src/stm32l4xx_hal_pwr_ex.d" -MT"Drivers/STM32L4xx_HAL_Driver/Src/stm32l4xx_hal_pwr_ex.o" --specs=nano.specs -mfpu=fpv4-sp-d16 -mfloat-abi=hard -mthumb -o "Drivers/STM32L4xx_HAL_Driver/Src/stm32l4xx_hal_pwr_ex.o"
arm-none-eabi-gcc "../Drivers/STM32L4xx_HAL_Driver/Src/stm32l4xx_hal_rcc.c" -mcpu=cortex-m4 -std=gnu11 -g3 -DDEBUG -DUSE_HAL_DRIVER -DSTM32L432xx -c -I../Core/Inc -I../Drivers/STM32L4xx_HAL_Driver/Inc -I../Drivers/STM32L4xx_HAL_Driver/Inc/Legacy -I../Drivers/CMSIS/Device/ST/STM32L4xx/Include -I../Drivers/CMSIS/Include -O0 -ffunction-sections -fdata-sections -Wall -fstack-usage -fcyclomatic-complexity -MMD -MP -MF"Drivers/STM32L4xx_HAL_Driver/Src/stm32l4xx_hal_rcc.d" -MT"Drivers/STM32L4xx_HAL_Driver/Src/stm32l4xx_hal_rcc.o" --specs=nano.specs -mfpu=fpv4-sp-d16 -mfloat-abi=hard -mthumb -o "Drivers/STM32L4xx_HAL_Driver/Src/stm32l4xx_hal_rcc.o"
arm-none-eabi-gcc "../Drivers/STM32L4xx_HAL_Driver/Src/stm32l4xx_hal_rcc_ex.c" -mcpu=cortex-m4 -std=gnu11 -g3 -DDEBUG -DUSE_HAL_DRIVER -DSTM32L432xx -c -I../Core/Inc -I../Drivers/STM32L4xx_HAL_Driver/Inc -I../Drivers/STM32L4xx_HAL_Driver/Inc/Legacy -I../Drivers/CMSIS/Device/ST/STM32L4xx/Include -I../Drivers/CMSIS/Include -O0 -ffunction-sections -fdata-sections -Wall -fstack-usage -fcyclomatic-complexity -MMD -MP -MF"Drivers/STM32L4xx_HAL_Driver/Src/stm32l4xx_hal_rcc_ex.d" -MT"Drivers/STM32L4xx_HAL_Driver/Src/stm32l4xx_hal_rcc_ex.o" --specs=nano.specs -mfpu=fpv4-sp-d16 -mfloat-abi=hard -mthumb -o "Drivers/STM32L4xx_HAL_Driver/Src/stm32l4xx_hal_rcc_ex.o"
arm-none-eabi-gcc "../Drivers/STM32L4xx_HAL_Driver/Src/stm32l4xx_hal_tim.c" -mcpu=cortex-m4 -std=gnu11 -g3 -DDEBUG -DUSE_HAL_DRIVER -DSTM32L432xx -c -I../Core/Inc -I../Drivers/STM32L4xx_HAL_Driver/Inc -I../Drivers/STM32L4xx_HAL_Driver/Inc/Legacy -I../Drivers/CMSIS/Device/ST/STM32L4xx/Include -I../Drivers/CMSIS/Include -O0 -ffunction-sections -fdata-sections -Wall -fstack-usage -fcyclomatic-complexity -MMD -MP -MF"Drivers/STM32L4xx_HAL_Driver/Src/stm32l4xx_hal_tim.d" -MT"Drivers/STM32L4xx_HAL_Driver/Src/stm32l4xx_hal_tim.o" --specs=nano.specs -mfpu=fpv4-sp-d16 -mfloat-abi=hard -mthumb -o "Drivers/STM32L4xx_HAL_Driver/Src/stm32l4xx_hal_tim.o"
arm-none-eabi-gcc "../Drivers/STM32L4xx_HAL_Driver/Src/stm32l4xx_hal_tim_ex.c" -mcpu=cortex-m4 -std=gnu11 -g3 -DDEBUG -DUSE_HAL_DRIVER -DSTM32L432xx -c -I../Core/Inc -I../Drivers/STM32L4xx_HAL_Driver/Inc -I../Drivers/STM32L4xx_HAL_Driver/Inc/Legacy -I../Drivers/CMSIS/Device/ST/STM32L4xx/Include -I../Drivers/CMSIS/Include -O0 -ffunction-sections -fdata-sections -Wall -fstack-usage -fcyclomatic-complexity -MMD -MP -MF"Drivers/STM32L4xx_HAL_Driver/Src/stm32l4xx_hal_tim_ex.d" -MT"Drivers/STM32L4xx_HAL_Driver/Src/stm32l4xx_hal_tim_ex.o" --specs=nano.specs -mfpu=fpv4-sp-d16 -mfloat-abi=hard -mthumb -o "Drivers/STM32L4xx_HAL_Driver/Src/stm32l4xx_hal_tim_ex.o"
arm-none-eabi-gcc "../Drivers/STM32L4xx_HAL_Driver/Src/stm32l4xx_hal_uart.c" -mcpu=cortex-m4 -std=gnu11 -g3 -DDEBUG -DUSE_HAL_DRIVER -DSTM32L432xx -c -I../Core/Inc -I../Drivers/STM32L4xx_HAL_Driver/Inc -I../Drivers/STM32L4xx_HAL_Driver/Inc/Legacy -I../Drivers/CMSIS/Device/ST/STM32L4xx/Include -I../Drivers/CMSIS/Include -O0 -ffunction-sections -fdata-sections -Wall -fstack-usage -fcyclomatic-complexity -MMD -MP -MF"Drivers/STM32L4xx_HAL_Driver/Src/stm32l4xx_hal_uart.d" -MT"Drivers/STM32L4xx_HAL_Driver/Src/stm32l4xx_hal_uart.o" --specs=nano.specs -mfpu=fpv4-sp-d16 -mfloat-abi=hard -mthumb -o "Drivers/STM32L4xx_HAL_Driver/Src/stm32l4xx_hal_uart.o"
arm-none-eabi-gcc "../Drivers/STM32L4xx_HAL_Driver/Src/stm32l4xx_hal_uart_ex.c" -mcpu=cortex-m4 -std=gnu11 -g3 -DDEBUG -DUSE_HAL_DRIVER -DSTM32L432xx -c -I../Core/Inc -I../Drivers/STM32L4xx_HAL_Driver/Inc -I../Drivers/STM32L4xx_HAL_Driver/Inc/Legacy -I../Drivers/CMSIS/Device/ST/STM32L4xx/Include -I../Drivers/CMSIS/Include -O0 -ffunction-sections -fdata-sections -Wall -fstack-usage -fcyclomatic-complexity -MMD -MP -MF"Drivers/STM32L4xx_HAL_Driver/Src/stm32l4xx_hal_uart_ex.d" -MT"Drivers/STM32L4xx_HAL_Driver/Src/stm32l4xx_hal_uart_ex.o" --specs=nano.specs -mfpu=fpv4-sp-d16 -mfloat-abi=hard -mthumb -o "Drivers/STM32L4xx_HAL_Driver/Src/stm32l4xx_hal_uart_ex.o"
arm-none-eabi-gcc -mcpu=cortex-m4 -g3 -DDEBUG -c -x assembler-with-cpp -MMD -MP -MF"Core/Startup/startup_stm32l432kcux.d" -MT"Core/Startup/startup_stm32l432kcux.o" --specs=nano.specs -mfpu=fpv4-sp-d16 -mfloat-abi=hard -mthumb -o "Core/Startup/startup_stm32l432kcux.o" "../Core/Startup/startup_stm32l432kcux.s"
arm-none-eabi-gcc "../Core/Src/main.c" -mcpu=cortex-m4 -std=gnu11 -g3 -DDEBUG -DUSE_HAL_DRIVER -DSTM32L432xx -c -I../Core/Inc -I../Drivers/STM32L4xx_HAL_Driver/Inc -I../Drivers/STM32L4xx_HAL_Driver/Inc/Legacy -I../Drivers/CMSIS/Device/ST/STM32L4xx/Include -I../Drivers/CMSIS/Include -O0 -ffunction-sections -fdata-sections -Wall -fstack-usage -fcyclomatic-complexity -MMD -MP -MF"Core/Src/main.d" -MT"Core/Src/main.o" --specs=nano.specs -mfpu=fpv4-sp-d16 -mfloat-abi=hard -mthumb -o "Core/Src/main.o"
arm-none-eabi-gcc "../Core/Src/motors.c" -mcpu=cortex-m4 -std=gnu11 -g3 -DDEBUG -DUSE_HAL_DRIVER -DSTM32L432xx -c -I../Core/Inc -I../Drivers/STM32L4xx_HAL_Driver/Inc -I../Drivers/STM32L4xx_HAL_Driver/Inc/Legacy -I../Drivers/CMSIS/Device/ST/STM32L4xx/Include -I../Drivers/CMSIS/Include -O0 -ffunction-sections -fdata-sections -Wall -fstack-usage -fcyclomatic-complexity -MMD -MP -MF"Core/Src/motors.d" -MT"Core/Src/motors.o" --specs=nano.specs -mfpu=fpv4-sp-d16 -mfloat-abi=hard -mthumb -o "Core/Src/motors.o"
arm-none-eabi-gcc "../Core/Src/stm32l4xx_hal_msp.c" -mcpu=cortex-m4 -std=gnu11 -g3 -DDEBUG -DUSE_HAL_DRIVER -DSTM32L432xx -c -I../Core/Inc -I../Drivers/STM32L4xx_HAL_Driver/Inc -I../Drivers/STM32L4xx_HAL_Driver/Inc/Legacy -I../Drivers/CMSIS/Device/ST/STM32L4xx/Include -I../Drivers/CMSIS/Include -O0 -ffunction-sections -fdata-sections -Wall -fstack-usage -fcyclomatic-complexity -MMD -MP -MF"Core/Src/stm32l4xx_hal_msp.d" -MT"Core/Src/stm32l4xx_hal_msp.o" --specs=nano.specs -mfpu=fpv4-sp-d16 -mfloat-abi=hard -mthumb -o "Core/Src/stm32l4xx_hal_msp.o"
arm-none-eabi-gcc "../Core/Src/stm32l4xx_it.c" -mcpu=cortex-m4 -std=gnu11 -g3 -DDEBUG -DUSE_HAL_DRIVER -DSTM32L432xx -c -I../Core/Inc -I../Drivers/STM32L4xx_HAL_Driver/Inc -I../Drivers/STM32L4xx_HAL_Driver/Inc/Legacy -I../Drivers/CMSIS/Device/ST/STM32L4xx/Include -I../Drivers/CMSIS/Include -O0 -ffunction-sections -fdata-sections -Wall -fstack-usage -fcyclomatic-complexity -MMD -MP -MF"Core/Src/stm32l4xx_it.d" -MT"Core/Src/stm32l4xx_it.o" --specs=nano.specs -mfpu=fpv4-sp-d16 -mfloat-abi=hard -mthumb -o "Core/Src/stm32l4xx_it.o"
../Core/Src/main.c: In function 'main':
../Core/Src/main.c:112:3: warning: implicit declaration of function 'motors_arm' [-Wimplicit-function-declaration]
  112 |   motors_arm();
      |   ^~~~~~~~~~
../Core/Src/main.c:132:11: warning: implicit declaration of function 'safety_update' [-Wimplicit-function-declaration]
  132 |           safety_update(throttle_us, arm_switch /*, inne statusy np. imu_ok, ibus_ok */);
      |           ^~~~~~~~~~~~~
../Core/Src/motors.c:12:33: error: 'MOTOR_COUNT' undeclared here (not in a function)
   12 | static uint16_t motor_output_us[MOTOR_COUNT] = {1000,1000,1000,1000};
      |                                 ^~~~~~~~~~~
arm-none-eabi-gcc "../Core/Src/syscalls.c" -mcpu=cortex-m4 -std=gnu11 -g3 -DDEBUG -DUSE_HAL_DRIVER -DSTM32L432xx -c -I../Core/Inc -I../Drivers/STM32L4xx_HAL_Driver/Inc -I../Drivers/STM32L4xx_HAL_Driver/Inc/Legacy -I../Drivers/CMSIS/Device/ST/STM32L4xx/Include -I../Drivers/CMSIS/Include -O0 -ffunction-sections -fdata-sections -Wall -fstack-usage -fcyclomatic-complexity -MMD -MP -MF"Core/Src/syscalls.d" -MT"Core/Src/syscalls.o" --specs=nano.specs -mfpu=fpv4-sp-d16 -mfloat-abi=hard -mthumb -o "Core/Src/syscalls.o"
../Core/Src/motors.c:37:24: error: unknown type name 'u_int16_t'; did you mean 'uint16_t'?
   37 | void motors_set_all_us(u_int16_t us)
      |                        ^~~~~~~~~
      |                        uint16_t
../Core/Src/main.c:132:25: error: 'throttle_us' undeclared (first use in this function)
  132 |           safety_update(throttle_us, arm_switch /*, inne statusy np. imu_ok, ibus_ok */);
      |                         ^~~~~~~~~~~
../Core/Src/main.c:132:25: note: each undeclared identifier is reported only once for each function it appears in
../Core/Src/motors.c:12:17: warning: 'motor_output_us' defined but not used [-Wunused-variable]
   12 | static uint16_t motor_output_us[MOTOR_COUNT] = {1000,1000,1000,1000};
      |                 ^~~~~~~~~~~~~~~
../Core/Src/main.c:132:38: error: 'arm_switch' undeclared (first use in this function)
  132 |           safety_update(throttle_us, arm_switch /*, inne statusy np. imu_ok, ibus_ok */);
      |                                      ^~~~~~~~~~
../Core/Src/main.c:134:16: warning: implicit declaration of function 'safety_is_armed' [-Wimplicit-function-declaration]
  134 |           if (!safety_is_armed())
      |                ^~~~~~~~~~~~~~~
../Core/Src/main.c:150:24: error: 'u_roll' undeclared (first use in this function); did you mean 'roll'?
  150 |           mixer_update(u_roll, u_pitch, u_yaw, throttle_us);
      |                        ^~~~~~
      |                        roll
../Core/Src/main.c:150:32: error: 'u_pitch' undeclared (first use in this function); did you mean 'pitch'?
  150 |           mixer_update(u_roll, u_pitch, u_yaw, throttle_us);
      |                                ^~~~~~~
      |                                pitch
../Core/Src/main.c:150:41: error: 'u_yaw' undeclared (first use in this function); did you mean 'yaw'?
  150 |           mixer_update(u_roll, u_pitch, u_yaw, throttle_us);
      |                                         ^~~~~
      |                                         yaw
../Core/Src/main.c:141:30: warning: unused variable 'yaw' [-Wunused-variable]
  141 |           float roll, pitch, yaw;
      |                              ^~~
../Core/Src/main.c:141:23: warning: unused variable 'pitch' [-Wunused-variable]
  141 |           float roll, pitch, yaw;
      |                       ^~~~~
../Core/Src/main.c:141:17: warning: unused variable 'roll' [-Wunused-variable]
  141 |           float roll, pitch, yaw;
      |                 ^~~~
make: *** [Core/Src/subdir.mk:37: Core/Src/motors.o] Error 1
make: *** Waiting for unfinished jobs....
make: *** [Core/Src/subdir.mk:37: Core/Src/main.o] Error 1
"make -j12 all" terminated with exit code 2. Build might be incomplete.
15:21:17 **** Incremental Build of configuration Debug for project PID_Flight_Controller ****
make -j12 all 
arm-none-eabi-gcc "../Core/Src/main.c" -mcpu=cortex-m4 -std=gnu11 -g3 -DDEBUG -DUSE_HAL_DRIVER -DSTM32L432xx -c -I../Core/Inc -I../Drivers/STM32L4xx_HAL_Driver/Inc -I../Drivers/STM32L4xx_HAL_Driver/Inc/Legacy -I../Drivers/CMSIS/Device/ST/STM32L4xx/Include -I../Drivers/CMSIS/Include -O0 -ffunction-sections -fdata-sections -Wall -fstack-usage -fcyclomatic-complexity -MMD -MP -MF"Core/Src/main.d" -MT"Core/Src/main.o" --specs=nano.specs -mfpu=fpv4-sp-d16 -mfloat-abi=hard -mthumb -o "Core/Src/main.o"
arm-none-eabi-gcc "../Core/Src/motors.c" -mcpu=cortex-m4 -std=gnu11 -g3 -DDEBUG -DUSE_HAL_DRIVER -DSTM32L432xx -c -I../Core/Inc -I../Drivers/STM32L4xx_HAL_Driver/Inc -I../Drivers/STM32L4xx_HAL_Driver/Inc/Legacy -I../Drivers/CMSIS/Device/ST/STM32L4xx/Include -I../Drivers/CMSIS/Include -O0 -ffunction-sections -fdata-sections -Wall -fstack-usage -fcyclomatic-complexity -MMD -MP -MF"Core/Src/motors.d" -MT"Core/Src/motors.o" --specs=nano.specs -mfpu=fpv4-sp-d16 -mfloat-abi=hard -mthumb -o "Core/Src/motors.o"
arm-none-eabi-gcc "../Core/Src/sysmem.c" -mcpu=cortex-m4 -std=gnu11 -g3 -DDEBUG -DUSE_HAL_DRIVER -DSTM32L432xx -c -I../Core/Inc -I../Drivers/STM32L4xx_HAL_Driver/Inc -I../Drivers/STM32L4xx_HAL_Driver/Inc/Legacy -I../Drivers/CMSIS/Device/ST/STM32L4xx/Include -I../Drivers/CMSIS/Include -O0 -ffunction-sections -fdata-sections -Wall -fstack-usage -fcyclomatic-complexity -MMD -MP -MF"Core/Src/sysmem.d" -MT"Core/Src/sysmem.o" --specs=nano.specs -mfpu=fpv4-sp-d16 -mfloat-abi=hard -mthumb -o "Core/Src/sysmem.o"
arm-none-eabi-gcc "../Core/Src/system_stm32l4xx.c" -mcpu=cortex-m4 -std=gnu11 -g3 -DDEBUG -DUSE_HAL_DRIVER -DSTM32L432xx -c -I../Core/Inc -I../Drivers/STM32L4xx_HAL_Driver/Inc -I../Drivers/STM32L4xx_HAL_Driver/Inc/Legacy -I../Drivers/CMSIS/Device/ST/STM32L4xx/Include -I../Drivers/CMSIS/Include -O0 -ffunction-sections -fdata-sections -Wall -fstack-usage -fcyclomatic-complexity -MMD -MP -MF"Core/Src/system_stm32l4xx.d" -MT"Core/Src/system_stm32l4xx.o" --specs=nano.specs -mfpu=fpv4-sp-d16 -mfloat-abi=hard -mthumb -o "Core/Src/system_stm32l4xx.o"
../Core/Src/main.c: In function 'main':
../Core/Src/main.c:112:3: warning: implicit declaration of function 'motors_arm' [-Wimplicit-function-declaration]
  112 |   motors_arm();
      |   ^~~~~~~~~~
../Core/Src/motors.c:37:24: error: unknown type name 'u_int16_t'; did you mean 'uint16_t'?
   37 | void motors_set_all_us(u_int16_t us)
      |                        ^~~~~~~~~
      |                        uint16_t
../Core/Src/main.c:132:11: warning: implicit declaration of function 'safety_update' [-Wimplicit-function-declaration]
  132 |           safety_update(throttle_us, arm_switch /*, inne statusy np. imu_ok, ibus_ok */);
      |           ^~~~~~~~~~~~~
../Core/Src/motors.c: In function 'set_motor_us':
../Core/Src/motors.c:50:36: error: 'MOTOR_COUNT' undeclared (first use in this function)
   50 |     if (motor_id < 1 || motor_id > MOTOR_COUNT) return;
      |                                    ^~~~~~~~~~~
../Core/Src/motors.c:50:36: note: each undeclared identifier is reported only once for each function it appears in
../Core/Src/main.c:132:25: error: 'throttle_us' undeclared (first use in this function)
  132 |           safety_update(throttle_us, arm_switch /*, inne statusy np. imu_ok, ibus_ok */);
      |                         ^~~~~~~~~~~
../Core/Src/main.c:132:25: note: each undeclared identifier is reported only once for each function it appears in
make: *** [Core/Src/subdir.mk:37: Core/Src/motors.o] Error 1
make: *** Waiting for unfinished jobs....
../Core/Src/main.c:132:38: error: 'arm_switch' undeclared (first use in this function)
  132 |           safety_update(throttle_us, arm_switch /*, inne statusy np. imu_ok, ibus_ok */);
      |                                      ^~~~~~~~~~
../Core/Src/main.c:134:16: warning: implicit declaration of function 'safety_is_armed' [-Wimplicit-function-declaration]
  134 |           if (!safety_is_armed())
      |                ^~~~~~~~~~~~~~~
../Core/Src/main.c:150:24: error: 'u_roll' undeclared (first use in this function); did you mean 'roll'?
  150 |           mixer_update(u_roll, u_pitch, u_yaw, throttle_us);
      |                        ^~~~~~
      |                        roll
../Core/Src/main.c:150:32: error: 'u_pitch' undeclared (first use in this function); did you mean 'pitch'?
  150 |           mixer_update(u_roll, u_pitch, u_yaw, throttle_us);
      |                                ^~~~~~~
      |                                pitch
../Core/Src/main.c:150:41: error: 'u_yaw' undeclared (first use in this function); did you mean 'yaw'?
  150 |           mixer_update(u_roll, u_pitch, u_yaw, throttle_us);
      |                                         ^~~~~
      |                                         yaw
../Core/Src/main.c:141:30: warning: unused variable 'yaw' [-Wunused-variable]
  141 |           float roll, pitch, yaw;
      |                              ^~~
../Core/Src/main.c:141:23: warning: unused variable 'pitch' [-Wunused-variable]
  141 |           float roll, pitch, yaw;
      |                       ^~~~~
../Core/Src/main.c:141:17: warning: unused variable 'roll' [-Wunused-variable]
  141 |           float roll, pitch, yaw;
      |                 ^~~~
make: *** [Core/Src/subdir.mk:37: Core/Src/main.o] Error 1
"make -j12 all" terminated with exit code 2. Build might be incomplete.
15:22:08 **** Incremental Build of configuration Debug for project PID_Flight_Controller ****
make -j12 all 
arm-none-eabi-gcc "../Core/Src/main.c" -mcpu=cortex-m4 -std=gnu11 -g3 -DDEBUG -DUSE_HAL_DRIVER -DSTM32L432xx -c -I../Core/Inc -I../Drivers/STM32L4xx_HAL_Driver/Inc -I../Drivers/STM32L4xx_HAL_Driver/Inc/Legacy -I../Drivers/CMSIS/Device/ST/STM32L4xx/Include -I../Drivers/CMSIS/Include -O0 -ffunction-sections -fdata-sections -Wall -fstack-usage -fcyclomatic-complexity -MMD -MP -MF"Core/Src/main.d" -MT"Core/Src/main.o" --specs=nano.specs -mfpu=fpv4-sp-d16 -mfloat-abi=hard -mthumb -o "Core/Src/main.o"
arm-none-eabi-gcc "../Core/Src/motors.c" -mcpu=cortex-m4 -std=gnu11 -g3 -DDEBUG -DUSE_HAL_DRIVER -DSTM32L432xx -c -I../Core/Inc -I../Drivers/STM32L4xx_HAL_Driver/Inc -I../Drivers/STM32L4xx_HAL_Driver/Inc/Legacy -I../Drivers/CMSIS/Device/ST/STM32L4xx/Include -I../Drivers/CMSIS/Include -O0 -ffunction-sections -fdata-sections -Wall -fstack-usage -fcyclomatic-complexity -MMD -MP -MF"Core/Src/motors.d" -MT"Core/Src/motors.o" --specs=nano.specs -mfpu=fpv4-sp-d16 -mfloat-abi=hard -mthumb -o "Core/Src/motors.o"
../Core/Src/motors.c:37:24: error: unknown type name 'u_int16_t'; did you mean 'uint16_t'?
   37 | void motors_set_all_us(u_int16_t us)
      |                        ^~~~~~~~~
      |                        uint16_t
../Core/Src/main.c: In function 'main':
../Core/Src/main.c:112:3: warning: implicit declaration of function 'motors_arm' [-Wimplicit-function-declaration]
  112 |   motors_arm();
      |   ^~~~~~~~~~
../Core/Src/main.c:141:30: warning: unused variable 'yaw' [-Wunused-variable]
  141 |           float roll, pitch, yaw;
      |                              ^~~
../Core/Src/main.c:141:23: warning: unused variable 'pitch' [-Wunused-variable]
  141 |           float roll, pitch, yaw;
      |                       ^~~~~
../Core/Src/main.c:141:17: warning: unused variable 'roll' [-Wunused-variable]
  141 |           float roll, pitch, yaw;
      |                 ^~~~
make: *** [Core/Src/subdir.mk:37: Core/Src/motors.o] Error 1
make: *** Waiting for unfinished jobs....
"make -j12 all" terminated with exit code 2. Build might be incomplete.
15:22:39 **** Incremental Build of configuration Debug for project PID_Flight_Controller ****
make -j12 all 
arm-none-eabi-gcc "../Core/Src/motors.c" -mcpu=cortex-m4 -std=gnu11 -g3 -DDEBUG -DUSE_HAL_DRIVER -DSTM32L432xx -c -I../Core/Inc -I../Drivers/STM32L4xx_HAL_Driver/Inc -I../Drivers/STM32L4xx_HAL_Driver/Inc/Legacy -I../Drivers/CMSIS/Device/ST/STM32L4xx/Include -I../Drivers/CMSIS/Include -O0 -ffunction-sections -fdata-sections -Wall -fstack-usage -fcyclomatic-complexity -MMD -MP -MF"Core/Src/motors.d" -MT"Core/Src/motors.o" --specs=nano.specs -mfpu=fpv4-sp-d16 -mfloat-abi=hard -mthumb -o "Core/Src/motors.o"
../Core/Src/motors.c: In function 'motors_set_all_us':
../Core/Src/motors.c:39:26: error: 'MOTOR_COUNT' undeclared (first use in this function)
   39 |     for (int i = 1; i <= MOTOR_COUNT; i++)
      |                          ^~~~~~~~~~~
../Core/Src/motors.c:39:26: note: each undeclared identifier is reported only once for each function it appears in
make: *** [Core/Src/subdir.mk:37: Core/Src/motors.o] Error 1
"make -j12 all" terminated with exit code 2. Build might be incomplete.
15:22:45 **** Incremental Build of configuration Debug for project PID_Flight_Controller ****
make -j12 all 
arm-none-eabi-gcc "../Core/Src/motors.c" -mcpu=cortex-m4 -std=gnu11 -g3 -DDEBUG -DUSE_HAL_DRIVER -DSTM32L432xx -c -I../Core/Inc -I../Drivers/STM32L4xx_HAL_Driver/Inc -I../Drivers/STM32L4xx_HAL_Driver/Inc/Legacy -I../Drivers/CMSIS/Device/ST/STM32L4xx/Include -I../Drivers/CMSIS/Include -O0 -ffunction-sections -fdata-sections -Wall -fstack-usage -fcyclomatic-complexity -MMD -MP -MF"Core/Src/motors.d" -MT"Core/Src/motors.o" --specs=nano.specs -mfpu=fpv4-sp-d16 -mfloat-abi=hard -mthumb -o "Core/Src/motors.o"
arm-none-eabi-gcc -o "PID_Flight_Controller.elf" @"objects.list"   -mcpu=cortex-m4 -T"C:\Users\filip\OneDrive\Dokumenty\PJATK\DRONE\IMPLEMENTACJA\STM32L432KCUX_FLASH.ld" --specs=nosys.specs -Wl,-Map="PID_Flight_Controller.map" -Wl,--gc-sections -static --specs=nano.specs -mfpu=fpv4-sp-d16 -mfloat-abi=hard -mthumb -Wl,--start-group -lc -lm -Wl,--end-group
Finished building target: PID_Flight_Controller.elf
 
arm-none-eabi-size  PID_Flight_Controller.elf 
arm-none-eabi-objdump -h -S PID_Flight_Controller.elf  > "PID_Flight_Controller.list"
   text	   data	    bss	    dec	    hex	filename
  17496	     20	   1860	  19376	   4bb0	PID_Flight_Controller.elf
Finished building: default.size.stdout
 
Finished building: PID_Flight_Controller.list
 
15:24:03 **** Incremental Build of configuration Debug for project PID_Flight_Controller ****
make -j12 all 
arm-none-eabi-gcc "../Core/Src/main.c" -mcpu=cortex-m4 -std=gnu11 -g3 -DDEBUG -DUSE_HAL_DRIVER -DSTM32L432xx -c -I../Core/Inc -I../Drivers/STM32L4xx_HAL_Driver/Inc -I../Drivers/STM32L4xx_HAL_Driver/Inc/Legacy -I../Drivers/CMSIS/Device/ST/STM32L4xx/Include -I../Drivers/CMSIS/Include -O0 -ffunction-sections -fdata-sections -Wall -fstack-usage -fcyclomatic-complexity -MMD -MP -MF"Core/Src/main.d" -MT"Core/Src/main.o" --specs=nano.specs -mfpu=fpv4-sp-d16 -mfloat-abi=hard -mthumb -o "Core/Src/main.o"
arm-none-eabi-gcc "../Core/Src/motors.c" -mcpu=cortex-m4 -std=gnu11 -g3 -DDEBUG -DUSE_HAL_DRIVER -DSTM32L432xx -c -I../Core/Inc -I../Drivers/STM32L4xx_HAL_Driver/Inc -I../Drivers/STM32L4xx_HAL_Driver/Inc/Legacy -I../Drivers/CMSIS/Device/ST/STM32L4xx/Include -I../Drivers/CMSIS/Include -O0 -ffunction-sections -fdata-sections -Wall -fstack-usage -fcyclomatic-complexity -MMD -MP -MF"Core/Src/motors.d" -MT"Core/Src/motors.o" --specs=nano.specs -mfpu=fpv4-sp-d16 -mfloat-abi=hard -mthumb -o "Core/Src/motors.o"
../Core/Src/main.c: In function 'main':
../Core/Src/main.c:141:30: warning: unused variable 'yaw' [-Wunused-variable]
  141 |           float roll, pitch, yaw;
      |                              ^~~
../Core/Src/main.c:141:23: warning: unused variable 'pitch' [-Wunused-variable]
  141 |           float roll, pitch, yaw;
      |                       ^~~~~
../Core/Src/main.c:141:17: warning: unused variable 'roll' [-Wunused-variable]
  141 |           float roll, pitch, yaw;
      |                 ^~~~
arm-none-eabi-gcc -o "PID_Flight_Controller.elf" @"objects.list"   -mcpu=cortex-m4 -T"C:\Users\filip\OneDrive\Dokumenty\PJATK\DRONE\IMPLEMENTACJA\STM32L432KCUX_FLASH.ld" --specs=nosys.specs -Wl,-Map="PID_Flight_Controller.map" -Wl,--gc-sections -static --specs=nano.specs -mfpu=fpv4-sp-d16 -mfloat-abi=hard -mthumb -Wl,--start-group -lc -lm -Wl,--end-group
Finished building target: PID_Flight_Controller.elf
 
arm-none-eabi-size  PID_Flight_Controller.elf 
arm-none-eabi-objdump -h -S PID_Flight_Controller.elf  > "PID_Flight_Controller.list"
   text	   data	    bss	    dec	    hex	filename
  17496	     20	   1860	  19376	   4bb0	PID_Flight_Controller.elf
Finished building: default.size.stdout
 
Finished building: PID_Flight_Controller.list
 
16:33:53 **** Incremental Build of configuration Debug for project PID_Flight_Controller ****
make -j12 all 
arm-none-eabi-size  PID_Flight_Controller.elf 
   text	   data	    bss	    dec	    hex	filename
  17496	     20	   1860	  19376	   4bb0	PID_Flight_Controller.elf
Finished building: default.size.stdout
 
16:33:58 **** Incremental Build of configuration Debug for project PID_Flight_Controller ****
make -j12 all 
arm-none-eabi-size  PID_Flight_Controller.elf 
   text	   data	    bss	    dec	    hex	filename
  17496	     20	   1860	  19376	   4bb0	PID_Flight_Controller.elf
Finished building: default.size.stdout
 
16:35:47 **** Incremental Build of configuration Debug for project PID_Flight_Controller ****
make -j12 all 
arm-none-eabi-gcc "../Core/Src/main.c" -mcpu=cortex-m4 -std=gnu11 -g3 -DDEBUG -DUSE_HAL_DRIVER -DSTM32L432xx -c -I../Core/Inc -I../Drivers/STM32L4xx_HAL_Driver/Inc -I../Drivers/STM32L4xx_HAL_Driver/Inc/Legacy -I../Drivers/CMSIS/Device/ST/STM32L4xx/Include -I../Drivers/CMSIS/Include -O0 -ffunction-sections -fdata-sections -Wall -fstack-usage -fcyclomatic-complexity -MMD -MP -MF"Core/Src/main.d" -MT"Core/Src/main.o" --specs=nano.specs -mfpu=fpv4-sp-d16 -mfloat-abi=hard -mthumb -o "Core/Src/main.o"
../Core/Src/main.c: In function 'main':
../Core/Src/main.c:142:30: warning: unused variable 'yaw' [-Wunused-variable]
  142 |           float roll, pitch, yaw;
      |                              ^~~
../Core/Src/main.c:142:23: warning: unused variable 'pitch' [-Wunused-variable]
  142 |           float roll, pitch, yaw;
      |                       ^~~~~
../Core/Src/main.c:142:17: warning: unused variable 'roll' [-Wunused-variable]
  142 |           float roll, pitch, yaw;
      |                 ^~~~
arm-none-eabi-gcc -o "PID_Flight_Controller.elf" @"objects.list"   -mcpu=cortex-m4 -T"C:\Users\filip\OneDrive\Dokumenty\PJATK\DRONE\IMPLEMENTACJA\STM32L432KCUX_FLASH.ld" --specs=nosys.specs -Wl,-Map="PID_Flight_Controller.map" -Wl,--gc-sections -static --specs=nano.specs -mfpu=fpv4-sp-d16 -mfloat-abi=hard -mthumb -Wl,--start-group -lc -lm -Wl,--end-group
Finished building target: PID_Flight_Controller.elf
 
arm-none-eabi-size  PID_Flight_Controller.elf 
arm-none-eabi-objdump -h -S PID_Flight_Controller.elf  > "PID_Flight_Controller.list"
   text	   data	    bss	    dec	    hex	filename
  17568	     20	   1860	  19448	   4bf8	PID_Flight_Controller.elf
Finished building: default.size.stdout
 
Finished building: PID_Flight_Controller.list
 
16:36:22 **** Incremental Build of configuration Debug for project PID_Flight_Controller ****
make -j12 all 
arm-none-eabi-size  PID_Flight_Controller.elf 
   text	   data	    bss	    dec	    hex	filename
  17568	     20	   1860	  19448	   4bf8	PID_Flight_Controller.elf
Finished building: default.size.stdout
 
16:37:16 **** Incremental Build of configuration Debug for project PID_Flight_Controller ****
make -j12 all 
arm-none-eabi-size  PID_Flight_Controller.elf 
   text	   data	    bss	    dec	    hex	filename
  17568	     20	   1860	  19448	   4bf8	PID_Flight_Controller.elf
Finished building: default.size.stdout
 
16:40:27 **** Incremental Build of configuration Debug for project PID_Flight_Controller ****
make -j12 all 
arm-none-eabi-size  PID_Flight_Controller.elf 
   text	   data	    bss	    dec	    hex	filename
  17568	     20	   1860	  19448	   4bf8	PID_Flight_Controller.elf
Finished building: default.size.stdout
 
16:44:48 **** Incremental Build of configuration Debug for project PID_Flight_Controller ****
make -j12 all 
arm-none-eabi-size  PID_Flight_Controller.elf 
   text	   data	    bss	    dec	    hex	filename
  17568	     20	   1860	  19448	   4bf8	PID_Flight_Controller.elf
Finished building: default.size.stdout
 
16:45:41 **** Incremental Build of configuration Debug for project PID_Flight_Controller ****
make -j12 all 
arm-none-eabi-size  PID_Flight_Controller.elf 
   text	   data	    bss	    dec	    hex	filename
  17568	     20	   1860	  19448	   4bf8	PID_Flight_Controller.elf
Finished building: default.size.stdout
 
16:46:11 **** Incremental Build of configuration Debug for project PID_Flight_Controller ****
make -j12 all 
arm-none-eabi-gcc "../Core/Src/main.c" -mcpu=cortex-m4 -std=gnu11 -g3 -DDEBUG -DUSE_HAL_DRIVER -DSTM32L432xx -c -I../Core/Inc -I../Drivers/STM32L4xx_HAL_Driver/Inc -I../Drivers/STM32L4xx_HAL_Driver/Inc/Legacy -I../Drivers/CMSIS/Device/ST/STM32L4xx/Include -I../Drivers/CMSIS/Include -O0 -ffunction-sections -fdata-sections -Wall -fstack-usage -fcyclomatic-complexity -MMD -MP -MF"Core/Src/main.d" -MT"Core/Src/main.o" --specs=nano.specs -mfpu=fpv4-sp-d16 -mfloat-abi=hard -mthumb -o "Core/Src/main.o"
../Core/Src/main.c: In function 'main':
../Core/Src/main.c:142:30: warning: unused variable 'yaw' [-Wunused-variable]
  142 |           float roll, pitch, yaw;
      |                              ^~~
../Core/Src/main.c:142:23: warning: unused variable 'pitch' [-Wunused-variable]
  142 |           float roll, pitch, yaw;
      |                       ^~~~~
../Core/Src/main.c:142:17: warning: unused variable 'roll' [-Wunused-variable]
  142 |           float roll, pitch, yaw;
      |                 ^~~~
arm-none-eabi-gcc -o "PID_Flight_Controller.elf" @"objects.list"   -mcpu=cortex-m4 -T"C:\Users\filip\OneDrive\Dokumenty\PJATK\DRONE\IMPLEMENTACJA\STM32L432KCUX_FLASH.ld" --specs=nosys.specs -Wl,-Map="PID_Flight_Controller.map" -Wl,--gc-sections -static --specs=nano.specs -mfpu=fpv4-sp-d16 -mfloat-abi=hard -mthumb -Wl,--start-group -lc -lm -Wl,--end-group
Finished building target: PID_Flight_Controller.elf
 
arm-none-eabi-size  PID_Flight_Controller.elf 
arm-none-eabi-objdump -h -S PID_Flight_Controller.elf  > "PID_Flight_Controller.list"
   text	   data	    bss	    dec	    hex	filename
  17568	     20	   1860	  19448	   4bf8	PID_Flight_Controller.elf
Finished building: default.size.stdout
 
Finished building: PID_Flight_Controller.list
 
16:52:11 **** Incremental Build of configuration Debug for project PID_Flight_Controller ****
make -j12 all 
arm-none-eabi-gcc "../Core/Src/main.c" -mcpu=cortex-m4 -std=gnu11 -g3 -DDEBUG -DUSE_HAL_DRIVER -DSTM32L432xx -c -I../Core/Inc -I../Drivers/STM32L4xx_HAL_Driver/Inc -I../Drivers/STM32L4xx_HAL_Driver/Inc/Legacy -I../Drivers/CMSIS/Device/ST/STM32L4xx/Include -I../Drivers/CMSIS/Include -O0 -ffunction-sections -fdata-sections -Wall -fstack-usage -fcyclomatic-complexity -MMD -MP -MF"Core/Src/main.d" -MT"Core/Src/main.o" --specs=nano.specs -mfpu=fpv4-sp-d16 -mfloat-abi=hard -mthumb -o "Core/Src/main.o"
../Core/Src/main.c: In function 'main':
../Core/Src/main.c:111:27: error: 'B1_GPIO_Port' undeclared (first use in this function); did you mean 'MCO_GPIO_Port'?
  111 |   while (HAL_GPIO_ReadPin(B1_GPIO_Port, B1_Pin) == GPIO_PIN_SET)
      |                           ^~~~~~~~~~~~
      |                           MCO_GPIO_Port
../Core/Src/main.c:111:27: note: each undeclared identifier is reported only once for each function it appears in
../Core/Src/main.c:111:41: error: 'B1_Pin' undeclared (first use in this function)
  111 |   while (HAL_GPIO_ReadPin(B1_GPIO_Port, B1_Pin) == GPIO_PIN_SET)
      |                                         ^~~~~~
../Core/Src/main.c:145:30: warning: unused variable 'yaw' [-Wunused-variable]
  145 |           float roll, pitch, yaw;
      |                              ^~~
../Core/Src/main.c:145:23: warning: unused variable 'pitch' [-Wunused-variable]
  145 |           float roll, pitch, yaw;
      |                       ^~~~~
../Core/Src/main.c:145:17: warning: unused variable 'roll' [-Wunused-variable]
  145 |           float roll, pitch, yaw;
      |                 ^~~~
make: *** [Core/Src/subdir.mk:37: Core/Src/main.o] Error 1
"make -j12 all" terminated with exit code 2. Build might be incomplete.
18:06:31 **** Incremental Build of configuration Debug for project PID_Flight_Controller ****
make -j12 all 
arm-none-eabi-gcc "../Core/Src/main.c" -mcpu=cortex-m4 -std=gnu11 -g3 -DDEBUG -DUSE_HAL_DRIVER -DSTM32L432xx -c -I../Core/Inc -I../Drivers/STM32L4xx_HAL_Driver/Inc -I../Drivers/STM32L4xx_HAL_Driver/Inc/Legacy -I../Drivers/CMSIS/Device/ST/STM32L4xx/Include -I../Drivers/CMSIS/Include -O0 -ffunction-sections -fdata-sections -Wall -fstack-usage -fcyclomatic-complexity -MMD -MP -MF"Core/Src/main.d" -MT"Core/Src/main.o" --specs=nano.specs -mfpu=fpv4-sp-d16 -mfloat-abi=hard -mthumb -o "Core/Src/main.o"
arm-none-eabi-gcc "../Core/Src/stm32l4xx_hal_msp.c" -mcpu=cortex-m4 -std=gnu11 -g3 -DDEBUG -DUSE_HAL_DRIVER -DSTM32L432xx -c -I../Core/Inc -I../Drivers/STM32L4xx_HAL_Driver/Inc -I../Drivers/STM32L4xx_HAL_Driver/Inc/Legacy -I../Drivers/CMSIS/Device/ST/STM32L4xx/Include -I../Drivers/CMSIS/Include -O0 -ffunction-sections -fdata-sections -Wall -fstack-usage -fcyclomatic-complexity -MMD -MP -MF"Core/Src/stm32l4xx_hal_msp.d" -MT"Core/Src/stm32l4xx_hal_msp.o" --specs=nano.specs -mfpu=fpv4-sp-d16 -mfloat-abi=hard -mthumb -o "Core/Src/stm32l4xx_hal_msp.o"
arm-none-eabi-gcc "../Core/Src/stm32l4xx_it.c" -mcpu=cortex-m4 -std=gnu11 -g3 -DDEBUG -DUSE_HAL_DRIVER -DSTM32L432xx -c -I../Core/Inc -I../Drivers/STM32L4xx_HAL_Driver/Inc -I../Drivers/STM32L4xx_HAL_Driver/Inc/Legacy -I../Drivers/CMSIS/Device/ST/STM32L4xx/Include -I../Drivers/CMSIS/Include -O0 -ffunction-sections -fdata-sections -Wall -fstack-usage -fcyclomatic-complexity -MMD -MP -MF"Core/Src/stm32l4xx_it.d" -MT"Core/Src/stm32l4xx_it.o" --specs=nano.specs -mfpu=fpv4-sp-d16 -mfloat-abi=hard -mthumb -o "Core/Src/stm32l4xx_it.o"
../Core/Src/main.c: In function 'main':
../Core/Src/main.c:147:30: warning: unused variable 'yaw' [-Wunused-variable]
  147 |           float roll, pitch, yaw;
      |                              ^~~
../Core/Src/main.c:147:23: warning: unused variable 'pitch' [-Wunused-variable]
  147 |           float roll, pitch, yaw;
      |                       ^~~~~
../Core/Src/main.c:147:17: warning: unused variable 'roll' [-Wunused-variable]
  147 |           float roll, pitch, yaw;
      |                 ^~~~
../Core/Src/main.c: At top level:
../Core/Src/main.c:176:1: error: expected identifier or '(' before '}' token
  176 | }
      | ^
make: *** [Core/Src/subdir.mk:37: Core/Src/main.o] Error 1
make: *** Waiting for unfinished jobs....
"make -j12 all" terminated with exit code 2. Build might be incomplete.
18:06:52 **** Incremental Build of configuration Debug for project PID_Flight_Controller ****
make -j12 all 
arm-none-eabi-gcc "../Core/Src/main.c" -mcpu=cortex-m4 -std=gnu11 -g3 -DDEBUG -DUSE_HAL_DRIVER -DSTM32L432xx -c -I../Core/Inc -I../Drivers/STM32L4xx_HAL_Driver/Inc -I../Drivers/STM32L4xx_HAL_Driver/Inc/Legacy -I../Drivers/CMSIS/Device/ST/STM32L4xx/Include -I../Drivers/CMSIS/Include -O0 -ffunction-sections -fdata-sections -Wall -fstack-usage -fcyclomatic-complexity -MMD -MP -MF"Core/Src/main.d" -MT"Core/Src/main.o" --specs=nano.specs -mfpu=fpv4-sp-d16 -mfloat-abi=hard -mthumb -o "Core/Src/main.o"
../Core/Src/main.c: In function 'main':
../Core/Src/main.c:147:30: warning: unused variable 'yaw' [-Wunused-variable]
  147 |           float roll, pitch, yaw;
      |                              ^~~
../Core/Src/main.c:147:23: warning: unused variable 'pitch' [-Wunused-variable]
  147 |           float roll, pitch, yaw;
      |                       ^~~~~
../Core/Src/main.c:147:17: warning: unused variable 'roll' [-Wunused-variable]
  147 |           float roll, pitch, yaw;
      |                 ^~~~
arm-none-eabi-gcc -o "PID_Flight_Controller.elf" @"objects.list"   -mcpu=cortex-m4 -T"C:\Users\filip\OneDrive\Dokumenty\PJATK\DRONE\IMPLEMENTACJA\STM32L432KCUX_FLASH.ld" --specs=nosys.specs -Wl,-Map="PID_Flight_Controller.map" -Wl,--gc-sections -static --specs=nano.specs -mfpu=fpv4-sp-d16 -mfloat-abi=hard -mthumb -Wl,--start-group -lc -lm -Wl,--end-group
Finished building target: PID_Flight_Controller.elf
 
arm-none-eabi-size  PID_Flight_Controller.elf 
arm-none-eabi-objdump -h -S PID_Flight_Controller.elf  > "PID_Flight_Controller.list"
   text	   data	    bss	    dec	    hex	filename
  17656	     20	   1860	  19536	   4c50	PID_Flight_Controller.elf
Finished building: default.size.stdout
 
Finished building: PID_Flight_Controller.list
 
18:06:57 **** Incremental Build of configuration Debug for project PID_Flight_Controller ****
make -j12 all 
arm-none-eabi-size  PID_Flight_Controller.elf 
   text	   data	    bss	    dec	    hex	filename
  17656	     20	   1860	  19536	   4c50	PID_Flight_Controller.elf
Finished building: default.size.stdout
 
18:08:40 **** Incremental Build of configuration Debug for project PID_Flight_Controller ****
make -j12 all 
arm-none-eabi-gcc "../Core/Src/main.c" -mcpu=cortex-m4 -std=gnu11 -g3 -DDEBUG -DUSE_HAL_DRIVER -DSTM32L432xx -c -I../Core/Inc -I../Drivers/STM32L4xx_HAL_Driver/Inc -I../Drivers/STM32L4xx_HAL_Driver/Inc/Legacy -I../Drivers/CMSIS/Device/ST/STM32L4xx/Include -I../Drivers/CMSIS/Include -O0 -ffunction-sections -fdata-sections -Wall -fstack-usage -fcyclomatic-complexity -MMD -MP -MF"Core/Src/main.d" -MT"Core/Src/main.o" --specs=nano.specs -mfpu=fpv4-sp-d16 -mfloat-abi=hard -mthumb -o "Core/Src/main.o"
../Core/Src/main.c: In function 'main':
../Core/Src/main.c:147:30: warning: unused variable 'yaw' [-Wunused-variable]
  147 |           float roll, pitch, yaw;
      |                              ^~~
../Core/Src/main.c:147:23: warning: unused variable 'pitch' [-Wunused-variable]
  147 |           float roll, pitch, yaw;
      |                       ^~~~~
../Core/Src/main.c:147:17: warning: unused variable 'roll' [-Wunused-variable]
  147 |           float roll, pitch, yaw;
      |                 ^~~~
../Core/Src/main.c: At top level:
../Core/Src/main.c:176:1: error: expected identifier or '(' before '}' token
  176 | }
      | ^
make: *** [Core/Src/subdir.mk:37: Core/Src/main.o] Error 1
"make -j12 all" terminated with exit code 2. Build might be incomplete.
18:08:47 **** Incremental Build of configuration Debug for project PID_Flight_Controller ****
make -j12 all 
arm-none-eabi-gcc "../Core/Src/main.c" -mcpu=cortex-m4 -std=gnu11 -g3 -DDEBUG -DUSE_HAL_DRIVER -DSTM32L432xx -c -I../Core/Inc -I../Drivers/STM32L4xx_HAL_Driver/Inc -I../Drivers/STM32L4xx_HAL_Driver/Inc/Legacy -I../Drivers/CMSIS/Device/ST/STM32L4xx/Include -I../Drivers/CMSIS/Include -O0 -ffunction-sections -fdata-sections -Wall -fstack-usage -fcyclomatic-complexity -MMD -MP -MF"Core/Src/main.d" -MT"Core/Src/main.o" --specs=nano.specs -mfpu=fpv4-sp-d16 -mfloat-abi=hard -mthumb -o "Core/Src/main.o"
../Core/Src/main.c: In function 'main':
../Core/Src/main.c:147:30: warning: unused variable 'yaw' [-Wunused-variable]
  147 |           float roll, pitch, yaw;
      |                              ^~~
../Core/Src/main.c:147:23: warning: unused variable 'pitch' [-Wunused-variable]
  147 |           float roll, pitch, yaw;
      |                       ^~~~~
../Core/Src/main.c:147:17: warning: unused variable 'roll' [-Wunused-variable]
  147 |           float roll, pitch, yaw;
      |                 ^~~~
arm-none-eabi-gcc -o "PID_Flight_Controller.elf" @"objects.list"   -mcpu=cortex-m4 -T"C:\Users\filip\OneDrive\Dokumenty\PJATK\DRONE\IMPLEMENTACJA\STM32L432KCUX_FLASH.ld" --specs=nosys.specs -Wl,-Map="PID_Flight_Controller.map" -Wl,--gc-sections -static --specs=nano.specs -mfpu=fpv4-sp-d16 -mfloat-abi=hard -mthumb -Wl,--start-group -lc -lm -Wl,--end-group
Finished building target: PID_Flight_Controller.elf
 
arm-none-eabi-size  PID_Flight_Controller.elf 
arm-none-eabi-objdump -h -S PID_Flight_Controller.elf  > "PID_Flight_Controller.list"
   text	   data	    bss	    dec	    hex	filename
  17648	     20	   1860	  19528	   4c48	PID_Flight_Controller.elf
Finished building: default.size.stdout
 
Finished building: PID_Flight_Controller.list
 
18:09:01 **** Incremental Build of configuration Debug for project PID_Flight_Controller ****
make -j12 all 
arm-none-eabi-size  PID_Flight_Controller.elf 
   text	   data	    bss	    dec	    hex	filename
  17648	     20	   1860	  19528	   4c48	PID_Flight_Controller.elf
Finished building: default.size.stdout
 
18:10:28 **** Incremental Build of configuration Debug for project PID_Flight_Controller ****
make -j12 all 
arm-none-eabi-gcc "../Core/Src/main.c" -mcpu=cortex-m4 -std=gnu11 -g3 -DDEBUG -DUSE_HAL_DRIVER -DSTM32L432xx -c -I../Core/Inc -I../Drivers/STM32L4xx_HAL_Driver/Inc -I../Drivers/STM32L4xx_HAL_Driver/Inc/Legacy -I../Drivers/CMSIS/Device/ST/STM32L4xx/Include -I../Drivers/CMSIS/Include -O0 -ffunction-sections -fdata-sections -Wall -fstack-usage -fcyclomatic-complexity -MMD -MP -MF"Core/Src/main.d" -MT"Core/Src/main.o" --specs=nano.specs -mfpu=fpv4-sp-d16 -mfloat-abi=hard -mthumb -o "Core/Src/main.o"
../Core/Src/main.c: In function 'main':
../Core/Src/main.c:157:11: warning: implicit declaration of function 'motors_set_all_us'; did you mean 'motors_stop_all'? [-Wimplicit-function-declaration]
  157 |           motors_set_all_us(1200);
      |           ^~~~~~~~~~~~~~~~~
      |           motors_stop_all
../Core/Src/main.c:147:30: warning: unused variable 'yaw' [-Wunused-variable]
  147 |           float roll, pitch, yaw;
      |                              ^~~
../Core/Src/main.c:147:23: warning: unused variable 'pitch' [-Wunused-variable]
  147 |           float roll, pitch, yaw;
      |                       ^~~~~
../Core/Src/main.c:147:17: warning: unused variable 'roll' [-Wunused-variable]
  147 |           float roll, pitch, yaw;
      |                 ^~~~
arm-none-eabi-gcc -o "PID_Flight_Controller.elf" @"objects.list"   -mcpu=cortex-m4 -T"C:\Users\filip\OneDrive\Dokumenty\PJATK\DRONE\IMPLEMENTACJA\STM32L432KCUX_FLASH.ld" --specs=nosys.specs -Wl,-Map="PID_Flight_Controller.map" -Wl,--gc-sections -static --specs=nano.specs -mfpu=fpv4-sp-d16 -mfloat-abi=hard -mthumb -Wl,--start-group -lc -lm -Wl,--end-group
Finished building target: PID_Flight_Controller.elf
 
arm-none-eabi-size  PID_Flight_Controller.elf 
arm-none-eabi-objdump -h -S PID_Flight_Controller.elf  > "PID_Flight_Controller.list"
   text	   data	    bss	    dec	    hex	filename
  17708	     20	   1860	  19588	   4c84	PID_Flight_Controller.elf
Finished building: default.size.stdout
 
Finished building: PID_Flight_Controller.list
 
18:12:45 **** Incremental Build of configuration Debug for project PID_Flight_Controller ****
make -j12 all 
arm-none-eabi-gcc "../Core/Src/main.c" -mcpu=cortex-m4 -std=gnu11 -g3 -DDEBUG -DUSE_HAL_DRIVER -DSTM32L432xx -c -I../Core/Inc -I../Drivers/STM32L4xx_HAL_Driver/Inc -I../Drivers/STM32L4xx_HAL_Driver/Inc/Legacy -I../Drivers/CMSIS/Device/ST/STM32L4xx/Include -I../Drivers/CMSIS/Include -O0 -ffunction-sections -fdata-sections -Wall -fstack-usage -fcyclomatic-complexity -MMD -MP -MF"Core/Src/main.d" -MT"Core/Src/main.o" --specs=nano.specs -mfpu=fpv4-sp-d16 -mfloat-abi=hard -mthumb -o "Core/Src/main.o"
../Core/Src/main.c: In function 'main':
../Core/Src/main.c:147:30: warning: unused variable 'yaw' [-Wunused-variable]
  147 |           float roll, pitch, yaw;
      |                              ^~~
../Core/Src/main.c:147:23: warning: unused variable 'pitch' [-Wunused-variable]
  147 |           float roll, pitch, yaw;
      |                       ^~~~~
../Core/Src/main.c:147:17: warning: unused variable 'roll' [-Wunused-variable]
  147 |           float roll, pitch, yaw;
      |                 ^~~~
../Core/Src/main.c:160:11: warning: implicit declaration of function 'motors_set_all_us'; did you mean 'motors_stop_all'? [-Wimplicit-function-declaration]
  160 |           motors_set_all_us(i);
      |           ^~~~~~~~~~~~~~~~~
      |           motors_stop_all
arm-none-eabi-gcc -o "PID_Flight_Controller.elf" @"objects.list"   -mcpu=cortex-m4 -T"C:\Users\filip\OneDrive\Dokumenty\PJATK\DRONE\IMPLEMENTACJA\STM32L432KCUX_FLASH.ld" --specs=nosys.specs -Wl,-Map="PID_Flight_Controller.map" -Wl,--gc-sections -static --specs=nano.specs -mfpu=fpv4-sp-d16 -mfloat-abi=hard -mthumb -Wl,--start-group -lc -lm -Wl,--end-group
Finished building target: PID_Flight_Controller.elf
 
arm-none-eabi-size  PID_Flight_Controller.elf 
arm-none-eabi-objdump -h -S PID_Flight_Controller.elf  > "PID_Flight_Controller.list"
   text	   data	    bss	    dec	    hex	filename
  17740	     20	   1860	  19620	   4ca4	PID_Flight_Controller.elf
Finished building: default.size.stdout
 
Finished building: PID_Flight_Controller.list
 
18:14:22 **** Incremental Build of configuration Debug for project PID_Flight_Controller ****
make -j12 all 
arm-none-eabi-size  PID_Flight_Controller.elf 
   text	   data	    bss	    dec	    hex	filename
  17740	     20	   1860	  19620	   4ca4	PID_Flight_Controller.elf
Finished building: default.size.stdout
 
18:16:18 **** Incremental Build of configuration Debug for project PID_Flight_Controller ****
make -j12 all 
arm-none-eabi-gcc "../Core/Src/main.c" -mcpu=cortex-m4 -std=gnu11 -g3 -DDEBUG -DUSE_HAL_DRIVER -DSTM32L432xx -c -I../Core/Inc -I../Drivers/STM32L4xx_HAL_Driver/Inc -I../Drivers/STM32L4xx_HAL_Driver/Inc/Legacy -I../Drivers/CMSIS/Device/ST/STM32L4xx/Include -I../Drivers/CMSIS/Include -O0 -ffunction-sections -fdata-sections -Wall -fstack-usage -fcyclomatic-complexity -MMD -MP -MF"Core/Src/main.d" -MT"Core/Src/main.o" --specs=nano.specs -mfpu=fpv4-sp-d16 -mfloat-abi=hard -mthumb -o "Core/Src/main.o"
../Core/Src/main.c: In function 'main':
../Core/Src/main.c:147:30: warning: unused variable 'yaw' [-Wunused-variable]
  147 |           float roll, pitch, yaw;
      |                              ^~~
../Core/Src/main.c:147:23: warning: unused variable 'pitch' [-Wunused-variable]
  147 |           float roll, pitch, yaw;
      |                       ^~~~~
../Core/Src/main.c:147:17: warning: unused variable 'roll' [-Wunused-variable]
  147 |           float roll, pitch, yaw;
      |                 ^~~~
../Core/Src/main.c:160:11: warning: implicit declaration of function 'motors_set_all_us'; did you mean 'motors_stop_all'? [-Wimplicit-function-declaration]
  160 |           motors_set_all_us(i);
      |           ^~~~~~~~~~~~~~~~~
      |           motors_stop_all
arm-none-eabi-gcc -o "PID_Flight_Controller.elf" @"objects.list"   -mcpu=cortex-m4 -T"C:\Users\filip\OneDrive\Dokumenty\PJATK\DRONE\IMPLEMENTACJA\STM32L432KCUX_FLASH.ld" --specs=nosys.specs -Wl,-Map="PID_Flight_Controller.map" -Wl,--gc-sections -static --specs=nano.specs -mfpu=fpv4-sp-d16 -mfloat-abi=hard -mthumb -Wl,--start-group -lc -lm -Wl,--end-group
Finished building target: PID_Flight_Controller.elf
 
arm-none-eabi-size  PID_Flight_Controller.elf 
arm-none-eabi-objdump -h -S PID_Flight_Controller.elf  > "PID_Flight_Controller.list"
   text	   data	    bss	    dec	    hex	filename
  17740	     20	   1860	  19620	   4ca4	PID_Flight_Controller.elf
Finished building: default.size.stdout
 
Finished building: PID_Flight_Controller.list
 
18:16:23 **** Incremental Build of configuration Debug for project PID_Flight_Controller ****
make -j12 all 
arm-none-eabi-size  PID_Flight_Controller.elf 
   text	   data	    bss	    dec	    hex	filename
  17740	     20	   1860	  19620	   4ca4	PID_Flight_Controller.elf
Finished building: default.size.stdout
 
18:22:08 **** Incremental Build of configuration Debug for project PID_Flight_Controller ****
make -j12 all 
arm-none-eabi-gcc "../Core/Src/main.c" -mcpu=cortex-m4 -std=gnu11 -g3 -DDEBUG -DUSE_HAL_DRIVER -DSTM32L432xx -c -I../Core/Inc -I../Drivers/STM32L4xx_HAL_Driver/Inc -I../Drivers/STM32L4xx_HAL_Driver/Inc/Legacy -I../Drivers/CMSIS/Device/ST/STM32L4xx/Include -I../Drivers/CMSIS/Include -O0 -ffunction-sections -fdata-sections -Wall -fstack-usage -fcyclomatic-complexity -MMD -MP -MF"Core/Src/main.d" -MT"Core/Src/main.o" --specs=nano.specs -mfpu=fpv4-sp-d16 -mfloat-abi=hard -mthumb -o "Core/Src/main.o"
../Core/Src/main.c: In function 'main':
../Core/Src/main.c:147:30: warning: unused variable 'yaw' [-Wunused-variable]
  147 |           float roll, pitch, yaw;
      |                              ^~~
../Core/Src/main.c:147:23: warning: unused variable 'pitch' [-Wunused-variable]
  147 |           float roll, pitch, yaw;
      |                       ^~~~~
../Core/Src/main.c:147:17: warning: unused variable 'roll' [-Wunused-variable]
  147 |           float roll, pitch, yaw;
      |                 ^~~~
arm-none-eabi-gcc -o "PID_Flight_Controller.elf" @"objects.list"   -mcpu=cortex-m4 -T"C:\Users\filip\OneDrive\Dokumenty\PJATK\DRONE\IMPLEMENTACJA\STM32L432KCUX_FLASH.ld" --specs=nosys.specs -Wl,-Map="PID_Flight_Controller.map" -Wl,--gc-sections -static --specs=nano.specs -mfpu=fpv4-sp-d16 -mfloat-abi=hard -mthumb -Wl,--start-group -lc -lm -Wl,--end-group
Finished building target: PID_Flight_Controller.elf
 
arm-none-eabi-size  PID_Flight_Controller.elf 
arm-none-eabi-objdump -h -S PID_Flight_Controller.elf  > "PID_Flight_Controller.list"
   text	   data	    bss	    dec	    hex	filename
  17660	     20	   1860	  19540	   4c54	PID_Flight_Controller.elf
Finished building: default.size.stdout
 
Finished building: PID_Flight_Controller.list
 
18:22:13 **** Incremental Build of configuration Debug for project PID_Flight_Controller ****
make -j12 all 
arm-none-eabi-size  PID_Flight_Controller.elf 
   text	   data	    bss	    dec	    hex	filename
  17660	     20	   1860	  19540	   4c54	PID_Flight_Controller.elf
Finished building: default.size.stdout
 
18:34:10 **** Incremental Build of configuration Debug for project PID_Flight_Controller ****
make -j12 all 
arm-none-eabi-gcc -mcpu=cortex-m4 -g3 -DDEBUG -c -x assembler-with-cpp -MMD -MP -MF"Core/Startup/startup_stm32l432kcux.d" -MT"Core/Startup/startup_stm32l432kcux.o" --specs=nano.specs -mfpu=fpv4-sp-d16 -mfloat-abi=hard -mthumb -o "Core/Startup/startup_stm32l432kcux.o" "../Core/Startup/startup_stm32l432kcux.s"
arm-none-eabi-gcc -o "PID_Flight_Controller.elf" @"objects.list"   -mcpu=cortex-m4 -T"C:\Users\filip\OneDrive\Dokumenty\PJATK\DRONE\IMPLEMENTACJA\STM32L432KCUX_FLASH.ld" --specs=nosys.specs -Wl,-Map="PID_Flight_Controller.map" -Wl,--gc-sections -static --specs=nano.specs -mfpu=fpv4-sp-d16 -mfloat-abi=hard -mthumb -Wl,--start-group -lc -lm -Wl,--end-group
Finished building target: PID_Flight_Controller.elf
 
arm-none-eabi-size  PID_Flight_Controller.elf 
arm-none-eabi-objdump -h -S PID_Flight_Controller.elf  > "PID_Flight_Controller.list"
   text	   data	    bss	    dec	    hex	filename
  17660	     20	   1860	  19540	   4c54	PID_Flight_Controller.elf
Finished building: default.size.stdout
 
Finished building: PID_Flight_Controller.list
 
19:12:38 **** Incremental Build of configuration Debug for project PID_Flight_Controller ****
make -j12 all 
arm-none-eabi-size  PID_Flight_Controller.elf 
   text	   data	    bss	    dec	    hex	filename
  17660	     20	   1860	  19540	   4c54	PID_Flight_Controller.elf
Finished building: default.size.stdout
 
19:13:58 **** Incremental Build of configuration Debug for project PID_Flight_Controller ****
make -j12 all 
arm-none-eabi-gcc "../Core/Src/main.c" -mcpu=cortex-m4 -std=gnu11 -g3 -DDEBUG -DUSE_HAL_DRIVER -DSTM32L432xx -c -I../Core/Inc -I../Drivers/STM32L4xx_HAL_Driver/Inc -I../Drivers/STM32L4xx_HAL_Driver/Inc/Legacy -I../Drivers/CMSIS/Device/ST/STM32L4xx/Include -I../Drivers/CMSIS/Include -O0 -ffunction-sections -fdata-sections -Wall -fstack-usage -fcyclomatic-complexity -MMD -MP -MF"Core/Src/main.d" -MT"Core/Src/main.o" --specs=nano.specs -mfpu=fpv4-sp-d16 -mfloat-abi=hard -mthumb -o "Core/Src/main.o"
arm-none-eabi-gcc "../Core/Src/motors.c" -mcpu=cortex-m4 -std=gnu11 -g3 -DDEBUG -DUSE_HAL_DRIVER -DSTM32L432xx -c -I../Core/Inc -I../Drivers/STM32L4xx_HAL_Driver/Inc -I../Drivers/STM32L4xx_HAL_Driver/Inc/Legacy -I../Drivers/CMSIS/Device/ST/STM32L4xx/Include -I../Drivers/CMSIS/Include -O0 -ffunction-sections -fdata-sections -Wall -fstack-usage -fcyclomatic-complexity -MMD -MP -MF"Core/Src/motors.d" -MT"Core/Src/motors.o" --specs=nano.specs -mfpu=fpv4-sp-d16 -mfloat-abi=hard -mthumb -o "Core/Src/motors.o"
../Core/Src/main.c: In function 'main':
../Core/Src/main.c:147:30: warning: unused variable 'yaw' [-Wunused-variable]
  147 |           float roll, pitch, yaw;
      |                              ^~~
../Core/Src/main.c:147:23: warning: unused variable 'pitch' [-Wunused-variable]
  147 |           float roll, pitch, yaw;
      |                       ^~~~~
../Core/Src/main.c:147:17: warning: unused variable 'roll' [-Wunused-variable]
  147 |           float roll, pitch, yaw;
      |                 ^~~~
arm-none-eabi-gcc -o "PID_Flight_Controller.elf" @"objects.list"   -mcpu=cortex-m4 -T"C:\Users\filip\OneDrive\Dokumenty\PJATK\DRONE\IMPLEMENTACJA\STM32L432KCUX_FLASH.ld" --specs=nosys.specs -Wl,-Map="PID_Flight_Controller.map" -Wl,--gc-sections -static --specs=nano.specs -mfpu=fpv4-sp-d16 -mfloat-abi=hard -mthumb -Wl,--start-group -lc -lm -Wl,--end-group
Finished building target: PID_Flight_Controller.elf
 
arm-none-eabi-size  PID_Flight_Controller.elf 
arm-none-eabi-objdump -h -S PID_Flight_Controller.elf  > "PID_Flight_Controller.list"
   text	   data	    bss	    dec	    hex	filename
  17660	     20	   1860	  19540	   4c54	PID_Flight_Controller.elf
Finished building: default.size.stdout
 
Finished building: PID_Flight_Controller.list
 
19:14:07 **** Incremental Build of configuration Debug for project PID_Flight_Controller ****
make -j12 all 
arm-none-eabi-size  PID_Flight_Controller.elf 
   text	   data	    bss	    dec	    hex	filename
  17660	     20	   1860	  19540	   4c54	PID_Flight_Controller.elf
Finished building: default.size.stdout
 
19:15:06 **** Incremental Build of configuration Debug for project PID_Flight_Controller ****
make -j12 all 
arm-none-eabi-gcc "../Core/Src/main.c" -mcpu=cortex-m4 -std=gnu11 -g3 -DDEBUG -DUSE_HAL_DRIVER -DSTM32L432xx -c -I../Core/Inc -I../Drivers/STM32L4xx_HAL_Driver/Inc -I../Drivers/STM32L4xx_HAL_Driver/Inc/Legacy -I../Drivers/CMSIS/Device/ST/STM32L4xx/Include -I../Drivers/CMSIS/Include -O0 -ffunction-sections -fdata-sections -Wall -fstack-usage -fcyclomatic-complexity -MMD -MP -MF"Core/Src/main.d" -MT"Core/Src/main.o" --specs=nano.specs -mfpu=fpv4-sp-d16 -mfloat-abi=hard -mthumb -o "Core/Src/main.o"
arm-none-eabi-gcc "../Core/Src/motors.c" -mcpu=cortex-m4 -std=gnu11 -g3 -DDEBUG -DUSE_HAL_DRIVER -DSTM32L432xx -c -I../Core/Inc -I../Drivers/STM32L4xx_HAL_Driver/Inc -I../Drivers/STM32L4xx_HAL_Driver/Inc/Legacy -I../Drivers/CMSIS/Device/ST/STM32L4xx/Include -I../Drivers/CMSIS/Include -O0 -ffunction-sections -fdata-sections -Wall -fstack-usage -fcyclomatic-complexity -MMD -MP -MF"Core/Src/motors.d" -MT"Core/Src/motors.o" --specs=nano.specs -mfpu=fpv4-sp-d16 -mfloat-abi=hard -mthumb -o "Core/Src/motors.o"
../Core/Src/main.c: In function 'main':
../Core/Src/main.c:147:30: warning: unused variable 'yaw' [-Wunused-variable]
  147 |           float roll, pitch, yaw;
      |                              ^~~
../Core/Src/main.c:147:23: warning: unused variable 'pitch' [-Wunused-variable]
  147 |           float roll, pitch, yaw;
      |                       ^~~~~
../Core/Src/main.c:147:17: warning: unused variable 'roll' [-Wunused-variable]
  147 |           float roll, pitch, yaw;
      |                 ^~~~
arm-none-eabi-gcc -o "PID_Flight_Controller.elf" @"objects.list"   -mcpu=cortex-m4 -T"C:\Users\filip\OneDrive\Dokumenty\PJATK\DRONE\IMPLEMENTACJA\STM32L432KCUX_FLASH.ld" --specs=nosys.specs -Wl,-Map="PID_Flight_Controller.map" -Wl,--gc-sections -static --specs=nano.specs -mfpu=fpv4-sp-d16 -mfloat-abi=hard -mthumb -Wl,--start-group -lc -lm -Wl,--end-group
Finished building target: PID_Flight_Controller.elf
 
arm-none-eabi-size  PID_Flight_Controller.elf 
arm-none-eabi-objdump -h -S PID_Flight_Controller.elf  > "PID_Flight_Controller.list"
   text	   data	    bss	    dec	    hex	filename
  17660	     20	   1860	  19540	   4c54	PID_Flight_Controller.elf
Finished building: default.size.stdout
 
Finished building: PID_Flight_Controller.list
 
19:15:09 **** Incremental Build of configuration Debug for project PID_Flight_Controller ****
make -j12 all 
arm-none-eabi-size  PID_Flight_Controller.elf 
   text	   data	    bss	    dec	    hex	filename
  17660	     20	   1860	  19540	   4c54	PID_Flight_Controller.elf
Finished building: default.size.stdout
 
19:15:56 **** Incremental Build of configuration Debug for project PID_Flight_Controller ****
make -j12 all 
arm-none-eabi-gcc "../Core/Src/main.c" -mcpu=cortex-m4 -std=gnu11 -g3 -DDEBUG -DUSE_HAL_DRIVER -DSTM32L432xx -c -I../Core/Inc -I../Drivers/STM32L4xx_HAL_Driver/Inc -I../Drivers/STM32L4xx_HAL_Driver/Inc/Legacy -I../Drivers/CMSIS/Device/ST/STM32L4xx/Include -I../Drivers/CMSIS/Include -O0 -ffunction-sections -fdata-sections -Wall -fstack-usage -fcyclomatic-complexity -MMD -MP -MF"Core/Src/main.d" -MT"Core/Src/main.o" --specs=nano.specs -mfpu=fpv4-sp-d16 -mfloat-abi=hard -mthumb -o "Core/Src/main.o"
arm-none-eabi-gcc "../Core/Src/motors.c" -mcpu=cortex-m4 -std=gnu11 -g3 -DDEBUG -DUSE_HAL_DRIVER -DSTM32L432xx -c -I../Core/Inc -I../Drivers/STM32L4xx_HAL_Driver/Inc -I../Drivers/STM32L4xx_HAL_Driver/Inc/Legacy -I../Drivers/CMSIS/Device/ST/STM32L4xx/Include -I../Drivers/CMSIS/Include -O0 -ffunction-sections -fdata-sections -Wall -fstack-usage -fcyclomatic-complexity -MMD -MP -MF"Core/Src/motors.d" -MT"Core/Src/motors.o" --specs=nano.specs -mfpu=fpv4-sp-d16 -mfloat-abi=hard -mthumb -o "Core/Src/motors.o"
../Core/Src/main.c: In function 'main':
../Core/Src/main.c:147:30: warning: unused variable 'yaw' [-Wunused-variable]
  147 |           float roll, pitch, yaw;
      |                              ^~~
../Core/Src/main.c:147:23: warning: unused variable 'pitch' [-Wunused-variable]
  147 |           float roll, pitch, yaw;
      |                       ^~~~~
../Core/Src/main.c:147:17: warning: unused variable 'roll' [-Wunused-variable]
  147 |           float roll, pitch, yaw;
      |                 ^~~~
arm-none-eabi-gcc -o "PID_Flight_Controller.elf" @"objects.list"   -mcpu=cortex-m4 -T"C:\Users\filip\OneDrive\Dokumenty\PJATK\DRONE\IMPLEMENTACJA\STM32L432KCUX_FLASH.ld" --specs=nosys.specs -Wl,-Map="PID_Flight_Controller.map" -Wl,--gc-sections -static --specs=nano.specs -mfpu=fpv4-sp-d16 -mfloat-abi=hard -mthumb -Wl,--start-group -lc -lm -Wl,--end-group
Finished building target: PID_Flight_Controller.elf
 
arm-none-eabi-size  PID_Flight_Controller.elf 
arm-none-eabi-objdump -h -S PID_Flight_Controller.elf  > "PID_Flight_Controller.list"
   text	   data	    bss	    dec	    hex	filename
  17660	     20	   1860	  19540	   4c54	PID_Flight_Controller.elf
Finished building: default.size.stdout
 
Finished building: PID_Flight_Controller.list
 
19:16:44 **** Incremental Build of configuration Debug for project PID_Flight_Controller ****
make -j12 all 
arm-none-eabi-gcc "../Core/Src/main.c" -mcpu=cortex-m4 -std=gnu11 -g3 -DDEBUG -DUSE_HAL_DRIVER -DSTM32L432xx -c -I../Core/Inc -I../Drivers/STM32L4xx_HAL_Driver/Inc -I../Drivers/STM32L4xx_HAL_Driver/Inc/Legacy -I../Drivers/CMSIS/Device/ST/STM32L4xx/Include -I../Drivers/CMSIS/Include -O0 -ffunction-sections -fdata-sections -Wall -fstack-usage -fcyclomatic-complexity -MMD -MP -MF"Core/Src/main.d" -MT"Core/Src/main.o" --specs=nano.specs -mfpu=fpv4-sp-d16 -mfloat-abi=hard -mthumb -o "Core/Src/main.o"
../Core/Src/main.c: In function 'main':
../Core/Src/main.c:147:30: warning: unused variable 'yaw' [-Wunused-variable]
  147 |           float roll, pitch, yaw;
      |                              ^~~
../Core/Src/main.c:147:23: warning: unused variable 'pitch' [-Wunused-variable]
  147 |           float roll, pitch, yaw;
      |                       ^~~~~
../Core/Src/main.c:147:17: warning: unused variable 'roll' [-Wunused-variable]
  147 |           float roll, pitch, yaw;
      |                 ^~~~
arm-none-eabi-gcc -o "PID_Flight_Controller.elf" @"objects.list"   -mcpu=cortex-m4 -T"C:\Users\filip\OneDrive\Dokumenty\PJATK\DRONE\IMPLEMENTACJA\STM32L432KCUX_FLASH.ld" --specs=nosys.specs -Wl,-Map="PID_Flight_Controller.map" -Wl,--gc-sections -static --specs=nano.specs -mfpu=fpv4-sp-d16 -mfloat-abi=hard -mthumb -Wl,--start-group -lc -lm -Wl,--end-group
Finished building target: PID_Flight_Controller.elf
 
arm-none-eabi-size  PID_Flight_Controller.elf 
arm-none-eabi-objdump -h -S PID_Flight_Controller.elf  > "PID_Flight_Controller.list"
   text	   data	    bss	    dec	    hex	filename
  17660	     20	   1860	  19540	   4c54	PID_Flight_Controller.elf
Finished building: default.size.stdout
 
Finished building: PID_Flight_Controller.list
 
14:54:25 **** Incremental Build of configuration Debug for project PID_Flight_Controller ****
make -j12 all 
arm-none-eabi-gcc "../Core/Src/main.c" -mcpu=cortex-m4 -std=gnu11 -g3 -DDEBUG -DUSE_HAL_DRIVER -DSTM32L432xx -c -I../Core/Inc -I../Drivers/STM32L4xx_HAL_Driver/Inc -I../Drivers/STM32L4xx_HAL_Driver/Inc/Legacy -I../Drivers/CMSIS/Device/ST/STM32L4xx/Include -I../Drivers/CMSIS/Include -O0 -ffunction-sections -fdata-sections -Wall -fstack-usage -fcyclomatic-complexity -MMD -MP -MF"Core/Src/main.d" -MT"Core/Src/main.o" --specs=nano.specs -mfpu=fpv4-sp-d16 -mfloat-abi=hard -mthumb -o "Core/Src/main.o"
arm-none-eabi-gcc "../Core/Src/motors.c" -mcpu=cortex-m4 -std=gnu11 -g3 -DDEBUG -DUSE_HAL_DRIVER -DSTM32L432xx -c -I../Core/Inc -I../Drivers/STM32L4xx_HAL_Driver/Inc -I../Drivers/STM32L4xx_HAL_Driver/Inc/Legacy -I../Drivers/CMSIS/Device/ST/STM32L4xx/Include -I../Drivers/CMSIS/Include -O0 -ffunction-sections -fdata-sections -Wall -fstack-usage -fcyclomatic-complexity -MMD -MP -MF"Core/Src/motors.d" -MT"Core/Src/motors.o" --specs=nano.specs -mfpu=fpv4-sp-d16 -mfloat-abi=hard -mthumb -o "Core/Src/motors.o"
arm-none-eabi-gcc "../Core/Src/stm32l4xx_hal_msp.c" -mcpu=cortex-m4 -std=gnu11 -g3 -DDEBUG -DUSE_HAL_DRIVER -DSTM32L432xx -c -I../Core/Inc -I../Drivers/STM32L4xx_HAL_Driver/Inc -I../Drivers/STM32L4xx_HAL_Driver/Inc/Legacy -I../Drivers/CMSIS/Device/ST/STM32L4xx/Include -I../Drivers/CMSIS/Include -O0 -ffunction-sections -fdata-sections -Wall -fstack-usage -fcyclomatic-complexity -MMD -MP -MF"Core/Src/stm32l4xx_hal_msp.d" -MT"Core/Src/stm32l4xx_hal_msp.o" --specs=nano.specs -mfpu=fpv4-sp-d16 -mfloat-abi=hard -mthumb -o "Core/Src/stm32l4xx_hal_msp.o"
arm-none-eabi-gcc "../Core/Src/stm32l4xx_it.c" -mcpu=cortex-m4 -std=gnu11 -g3 -DDEBUG -DUSE_HAL_DRIVER -DSTM32L432xx -c -I../Core/Inc -I../Drivers/STM32L4xx_HAL_Driver/Inc -I../Drivers/STM32L4xx_HAL_Driver/Inc/Legacy -I../Drivers/CMSIS/Device/ST/STM32L4xx/Include -I../Drivers/CMSIS/Include -O0 -ffunction-sections -fdata-sections -Wall -fstack-usage -fcyclomatic-complexity -MMD -MP -MF"Core/Src/stm32l4xx_it.d" -MT"Core/Src/stm32l4xx_it.o" --specs=nano.specs -mfpu=fpv4-sp-d16 -mfloat-abi=hard -mthumb -o "Core/Src/stm32l4xx_it.o"
../Core/Src/main.c: In function 'main':
../Core/Src/main.c:147:30: warning: unused variable 'yaw' [-Wunused-variable]
  147 |           float roll, pitch, yaw;
      |                              ^~~
../Core/Src/main.c:147:23: warning: unused variable 'pitch' [-Wunused-variable]
  147 |           float roll, pitch, yaw;
      |                       ^~~~~
../Core/Src/main.c:147:17: warning: unused variable 'roll' [-Wunused-variable]
  147 |           float roll, pitch, yaw;
      |                 ^~~~
arm-none-eabi-gcc -o "PID_Flight_Controller.elf" @"objects.list"   -mcpu=cortex-m4 -T"C:\Users\filip\OneDrive\Dokumenty\PJATK\DRONE\IMPLEMENTACJA\STM32L432KCUX_FLASH.ld" --specs=nosys.specs -Wl,-Map="PID_Flight_Controller.map" -Wl,--gc-sections -static --specs=nano.specs -mfpu=fpv4-sp-d16 -mfloat-abi=hard -mthumb -Wl,--start-group -lc -lm -Wl,--end-group
Finished building target: PID_Flight_Controller.elf
 
arm-none-eabi-size  PID_Flight_Controller.elf 
arm-none-eabi-objdump -h -S PID_Flight_Controller.elf  > "PID_Flight_Controller.list"
   text	   data	    bss	    dec	    hex	filename
  17664	     20	   1860	  19544	   4c58	PID_Flight_Controller.elf
Finished building: default.size.stdout
 
Finished building: PID_Flight_Controller.list
 
14:56:56 **** Incremental Build of configuration Debug for project PID_Flight_Controller ****
make -j12 all 
arm-none-eabi-gcc "../Core/Src/main.c" -mcpu=cortex-m4 -std=gnu11 -g3 -DDEBUG -DUSE_HAL_DRIVER -DSTM32L432xx -c -I../Core/Inc -I../Drivers/STM32L4xx_HAL_Driver/Inc -I../Drivers/STM32L4xx_HAL_Driver/Inc/Legacy -I../Drivers/CMSIS/Device/ST/STM32L4xx/Include -I../Drivers/CMSIS/Include -O0 -ffunction-sections -fdata-sections -Wall -fstack-usage -fcyclomatic-complexity -MMD -MP -MF"Core/Src/main.d" -MT"Core/Src/main.o" --specs=nano.specs -mfpu=fpv4-sp-d16 -mfloat-abi=hard -mthumb -o "Core/Src/main.o"
../Core/Src/main.c: In function 'main':
../Core/Src/main.c:147:30: warning: unused variable 'yaw' [-Wunused-variable]
  147 |           float roll, pitch, yaw;
      |                              ^~~
../Core/Src/main.c:147:23: warning: unused variable 'pitch' [-Wunused-variable]
  147 |           float roll, pitch, yaw;
      |                       ^~~~~
../Core/Src/main.c:147:17: warning: unused variable 'roll' [-Wunused-variable]
  147 |           float roll, pitch, yaw;
      |                 ^~~~
arm-none-eabi-gcc -o "PID_Flight_Controller.elf" @"objects.list"   -mcpu=cortex-m4 -T"C:\Users\filip\OneDrive\Dokumenty\PJATK\DRONE\IMPLEMENTACJA\STM32L432KCUX_FLASH.ld" --specs=nosys.specs -Wl,-Map="PID_Flight_Controller.map" -Wl,--gc-sections -static --specs=nano.specs -mfpu=fpv4-sp-d16 -mfloat-abi=hard -mthumb -Wl,--start-group -lc -lm -Wl,--end-group
Finished building target: PID_Flight_Controller.elf
 
arm-none-eabi-size  PID_Flight_Controller.elf 
arm-none-eabi-objdump -h -S PID_Flight_Controller.elf  > "PID_Flight_Controller.list"
   text	   data	    bss	    dec	    hex	filename
  17664	     20	   1860	  19544	   4c58	PID_Flight_Controller.elf
Finished building: default.size.stdout
 
Finished building: PID_Flight_Controller.list
 
12:59:04 **** Incremental Build of configuration Debug for project PID_Flight_Controller ****
make -j12 all 
arm-none-eabi-gcc "../Core/Src/ibus.c" -mcpu=cortex-m4 -std=gnu11 -g3 -DDEBUG -DUSE_HAL_DRIVER -DSTM32L432xx -c -I../Core/Inc -I../Drivers/STM32L4xx_HAL_Driver/Inc -I../Drivers/STM32L4xx_HAL_Driver/Inc/Legacy -I../Drivers/CMSIS/Device/ST/STM32L4xx/Include -I../Drivers/CMSIS/Include -O0 -ffunction-sections -fdata-sections -Wall -fstack-usage -fcyclomatic-complexity -MMD -MP -MF"Core/Src/ibus.d" -MT"Core/Src/ibus.o" --specs=nano.specs -mfpu=fpv4-sp-d16 -mfloat-abi=hard -mthumb -o "Core/Src/ibus.o"
arm-none-eabi-gcc "../Core/Src/main.c" -mcpu=cortex-m4 -std=gnu11 -g3 -DDEBUG -DUSE_HAL_DRIVER -DSTM32L432xx -c -I../Core/Inc -I../Drivers/STM32L4xx_HAL_Driver/Inc -I../Drivers/STM32L4xx_HAL_Driver/Inc/Legacy -I../Drivers/CMSIS/Device/ST/STM32L4xx/Include -I../Drivers/CMSIS/Include -O0 -ffunction-sections -fdata-sections -Wall -fstack-usage -fcyclomatic-complexity -MMD -MP -MF"Core/Src/main.d" -MT"Core/Src/main.o" --specs=nano.specs -mfpu=fpv4-sp-d16 -mfloat-abi=hard -mthumb -o "Core/Src/main.o"
arm-none-eabi-gcc "../Core/Src/motors.c" -mcpu=cortex-m4 -std=gnu11 -g3 -DDEBUG -DUSE_HAL_DRIVER -DSTM32L432xx -c -I../Core/Inc -I../Drivers/STM32L4xx_HAL_Driver/Inc -I../Drivers/STM32L4xx_HAL_Driver/Inc/Legacy -I../Drivers/CMSIS/Device/ST/STM32L4xx/Include -I../Drivers/CMSIS/Include -O0 -ffunction-sections -fdata-sections -Wall -fstack-usage -fcyclomatic-complexity -MMD -MP -MF"Core/Src/motors.d" -MT"Core/Src/motors.o" --specs=nano.specs -mfpu=fpv4-sp-d16 -mfloat-abi=hard -mthumb -o "Core/Src/motors.o"
arm-none-eabi-gcc "../Core/Src/stm32l4xx_hal_msp.c" -mcpu=cortex-m4 -std=gnu11 -g3 -DDEBUG -DUSE_HAL_DRIVER -DSTM32L432xx -c -I../Core/Inc -I../Drivers/STM32L4xx_HAL_Driver/Inc -I../Drivers/STM32L4xx_HAL_Driver/Inc/Legacy -I../Drivers/CMSIS/Device/ST/STM32L4xx/Include -I../Drivers/CMSIS/Include -O0 -ffunction-sections -fdata-sections -Wall -fstack-usage -fcyclomatic-complexity -MMD -MP -MF"Core/Src/stm32l4xx_hal_msp.d" -MT"Core/Src/stm32l4xx_hal_msp.o" --specs=nano.specs -mfpu=fpv4-sp-d16 -mfloat-abi=hard -mthumb -o "Core/Src/stm32l4xx_hal_msp.o"
arm-none-eabi-gcc "../Core/Src/stm32l4xx_it.c" -mcpu=cortex-m4 -std=gnu11 -g3 -DDEBUG -DUSE_HAL_DRIVER -DSTM32L432xx -c -I../Core/Inc -I../Drivers/STM32L4xx_HAL_Driver/Inc -I../Drivers/STM32L4xx_HAL_Driver/Inc/Legacy -I../Drivers/CMSIS/Device/ST/STM32L4xx/Include -I../Drivers/CMSIS/Include -O0 -ffunction-sections -fdata-sections -Wall -fstack-usage -fcyclomatic-complexity -MMD -MP -MF"Core/Src/stm32l4xx_it.d" -MT"Core/Src/stm32l4xx_it.o" --specs=nano.specs -mfpu=fpv4-sp-d16 -mfloat-abi=hard -mthumb -o "Core/Src/stm32l4xx_it.o"
arm-none-eabi-gcc "../Core/Src/syscalls.c" -mcpu=cortex-m4 -std=gnu11 -g3 -DDEBUG -DUSE_HAL_DRIVER -DSTM32L432xx -c -I../Core/Inc -I../Drivers/STM32L4xx_HAL_Driver/Inc -I../Drivers/STM32L4xx_HAL_Driver/Inc/Legacy -I../Drivers/CMSIS/Device/ST/STM32L4xx/Include -I../Drivers/CMSIS/Include -O0 -ffunction-sections -fdata-sections -Wall -fstack-usage -fcyclomatic-complexity -MMD -MP -MF"Core/Src/syscalls.d" -MT"Core/Src/syscalls.o" --specs=nano.specs -mfpu=fpv4-sp-d16 -mfloat-abi=hard -mthumb -o "Core/Src/syscalls.o"
arm-none-eabi-gcc "../Core/Src/sysmem.c" -mcpu=cortex-m4 -std=gnu11 -g3 -DDEBUG -DUSE_HAL_DRIVER -DSTM32L432xx -c -I../Core/Inc -I../Drivers/STM32L4xx_HAL_Driver/Inc -I../Drivers/STM32L4xx_HAL_Driver/Inc/Legacy -I../Drivers/CMSIS/Device/ST/STM32L4xx/Include -I../Drivers/CMSIS/Include -O0 -ffunction-sections -fdata-sections -Wall -fstack-usage -fcyclomatic-complexity -MMD -MP -MF"Core/Src/sysmem.d" -MT"Core/Src/sysmem.o" --specs=nano.specs -mfpu=fpv4-sp-d16 -mfloat-abi=hard -mthumb -o "Core/Src/sysmem.o"
arm-none-eabi-gcc "../Core/Src/system_stm32l4xx.c" -mcpu=cortex-m4 -std=gnu11 -g3 -DDEBUG -DUSE_HAL_DRIVER -DSTM32L432xx -c -I../Core/Inc -I../Drivers/STM32L4xx_HAL_Driver/Inc -I../Drivers/STM32L4xx_HAL_Driver/Inc/Legacy -I../Drivers/CMSIS/Device/ST/STM32L4xx/Include -I../Drivers/CMSIS/Include -O0 -ffunction-sections -fdata-sections -Wall -fstack-usage -fcyclomatic-complexity -MMD -MP -MF"Core/Src/system_stm32l4xx.d" -MT"Core/Src/system_stm32l4xx.o" --specs=nano.specs -mfpu=fpv4-sp-d16 -mfloat-abi=hard -mthumb -o "Core/Src/system_stm32l4xx.o"
../Core/Src/ibus.c:10:10: fatal error: usart.h: No such file or directory
   10 | #include "usart.h"      // tu jest zadeklarowany huart2
      |          ^~~~~~~~~
compilation terminated.
make: *** [Core/Src/subdir.mk:40: Core/Src/ibus.o] Error 1
make: *** Waiting for unfinished jobs....
../Core/Src/main.c: In function 'main':
../Core/Src/main.c:158:30: warning: unused variable 'yaw' [-Wunused-variable]
  158 |           float roll, pitch, yaw;
      |                              ^~~
../Core/Src/main.c:158:23: warning: unused variable 'pitch' [-Wunused-variable]
  158 |           float roll, pitch, yaw;
      |                       ^~~~~
../Core/Src/main.c:158:17: warning: unused variable 'roll' [-Wunused-variable]
  158 |           float roll, pitch, yaw;
      |                 ^~~~
"make -j12 all" terminated with exit code 2. Build might be incomplete.
13:05:04 **** Incremental Build of configuration Debug for project PID_Flight_Controller ****
make -j12 all 
arm-none-eabi-gcc "../Core/Src/gpio.c" -mcpu=cortex-m4 -std=gnu11 -g3 -DDEBUG -DUSE_HAL_DRIVER -DSTM32L432xx -c -I../Core/Inc -I../Drivers/STM32L4xx_HAL_Driver/Inc -I../Drivers/STM32L4xx_HAL_Driver/Inc/Legacy -I../Drivers/CMSIS/Device/ST/STM32L4xx/Include -I../Drivers/CMSIS/Include -O0 -ffunction-sections -fdata-sections -Wall -fstack-usage -fcyclomatic-complexity -MMD -MP -MF"Core/Src/gpio.d" -MT"Core/Src/gpio.o" --specs=nano.specs -mfpu=fpv4-sp-d16 -mfloat-abi=hard -mthumb -o "Core/Src/gpio.o"
arm-none-eabi-gcc "../Core/Src/ibus.c" -mcpu=cortex-m4 -std=gnu11 -g3 -DDEBUG -DUSE_HAL_DRIVER -DSTM32L432xx -c -I../Core/Inc -I../Drivers/STM32L4xx_HAL_Driver/Inc -I../Drivers/STM32L4xx_HAL_Driver/Inc/Legacy -I../Drivers/CMSIS/Device/ST/STM32L4xx/Include -I../Drivers/CMSIS/Include -O0 -ffunction-sections -fdata-sections -Wall -fstack-usage -fcyclomatic-complexity -MMD -MP -MF"Core/Src/ibus.d" -MT"Core/Src/ibus.o" --specs=nano.specs -mfpu=fpv4-sp-d16 -mfloat-abi=hard -mthumb -o "Core/Src/ibus.o"
arm-none-eabi-gcc "../Core/Src/main.c" -mcpu=cortex-m4 -std=gnu11 -g3 -DDEBUG -DUSE_HAL_DRIVER -DSTM32L432xx -c -I../Core/Inc -I../Drivers/STM32L4xx_HAL_Driver/Inc -I../Drivers/STM32L4xx_HAL_Driver/Inc/Legacy -I../Drivers/CMSIS/Device/ST/STM32L4xx/Include -I../Drivers/CMSIS/Include -O0 -ffunction-sections -fdata-sections -Wall -fstack-usage -fcyclomatic-complexity -MMD -MP -MF"Core/Src/main.d" -MT"Core/Src/main.o" --specs=nano.specs -mfpu=fpv4-sp-d16 -mfloat-abi=hard -mthumb -o "Core/Src/main.o"
[...]
arm-none-eabi-gcc "../Core/Src/stm32l4xx_it.c" -mcpu=cortex-m4 -std=gnu11 -g3 -DDEBUG -DUSE_HAL_DRIVER -DSTM32L432xx -c -I../Core/Inc -I../Drivers/STM32L4xx_HAL_Driver/Inc -I../Drivers/STM32L4xx_HAL_Driver/Inc/Legacy -I../Drivers/CMSIS/Device/ST/STM32L4xx/Include -I../Drivers/CMSIS/Include -O0 -ffunction-sections -fdata-sections -Wall -fstack-usage -fcyclomatic-complexity -MMD -MP -MF"Core/Src/stm32l4xx_it.d" -MT"Core/Src/stm32l4xx_it.o" --specs=nano.specs -mfpu=fpv4-sp-d16 -mfloat-abi=hard -mthumb -o "Core/Src/stm32l4xx_it.o"
arm-none-eabi-gcc "../Core/Src/syscalls.c" -mcpu=cortex-m4 -std=gnu11 -g3 -DDEBUG -DUSE_HAL_DRIVER -DSTM32L432xx -c -I../Core/Inc -I../Drivers/STM32L4xx_HAL_Driver/Inc -I../Drivers/STM32L4xx_HAL_Driver/Inc/Legacy -I../Drivers/CMSIS/Device/ST/STM32L4xx/Include -I../Drivers/CMSIS/Include -O0 -ffunction-sections -fdata-sections -Wall -fstack-usage -fcyclomatic-complexity -MMD -MP -MF"Core/Src/syscalls.d" -MT"Core/Src/syscalls.o" --specs=nano.specs -mfpu=fpv4-sp-d16 -mfloat-abi=hard -mthumb -o "Core/Src/syscalls.o"
arm-none-eabi-gcc "../Core/Src/sysmem.c" -mcpu=cortex-m4 -std=gnu11 -g3 -DDEBUG -DUSE_HAL_DRIVER -DSTM32L432xx -c -I../Core/Inc -I../Drivers/STM32L4xx_HAL_Driver/Inc -I../Drivers/STM32L4xx_HAL_Driver/Inc/Legacy -I../Drivers/CMSIS/Device/ST/STM32L4xx/Include -I../Drivers/CMSIS/Include -O0 -ffunction-sections -fdata-sections -Wall -fstack-usage -fcyclomatic-complexity -MMD -MP -MF"Core/Src/sysmem.d" -MT"Core/Src/sysmem.o" --specs=nano.specs -mfpu=fpv4-sp-d16 -mfloat-abi=hard -mthumb -o "Core/Src/sysmem.o"
arm-none-eabi-gcc "../Core/Src/system_stm32l4xx.c" -mcpu=cortex-m4 -std=gnu11 -g3 -DDEBUG -DUSE_HAL_DRIVER -DSTM32L432xx -c -I../Core/Inc -I../Drivers/STM32L4xx_HAL_Driver/Inc -I../Drivers/STM32L4xx_HAL_Driver/Inc/Legacy -I../Drivers/CMSIS/Device/ST/STM32L4xx/Include -I../Drivers/CMSIS/Include -O0 -ffunction-sections -fdata-sections -Wall -fstack-usage -fcyclomatic-complexity -MMD -MP -MF"Core/Src/system_stm32l4xx.d" -MT"Core/Src/system_stm32l4xx.o" --specs=nano.specs -mfpu=fpv4-sp-d16 -mfloat-abi=hard -mthumb -o "Core/Src/system_stm32l4xx.o"
arm-none-eabi-gcc "../Core/Src/tim.c" -mcpu=cortex-m4 -std=gnu11 -g3 -DDEBUG -DUSE_HAL_DRIVER -DSTM32L432xx -c -I../Core/Inc -I../Drivers/STM32L4xx_HAL_Driver/Inc -I../Drivers/STM32L4xx_HAL_Driver/Inc/Legacy -I../Drivers/CMSIS/Device/ST/STM32L4xx/Include -I../Drivers/CMSIS/Include -O0 -ffunction-sections -fdata-sections -Wall -fstack-usage -fcyclomatic-complexity -MMD -MP -MF"Core/Src/tim.d" -MT"Core/Src/tim.o" --specs=nano.specs -mfpu=fpv4-sp-d16 -mfloat-abi=hard -mthumb -o "Core/Src/tim.o"
arm-none-eabi-gcc "../Core/Src/usart.c" -mcpu=cortex-m4 -std=gnu11 -g3 -DDEBUG -DUSE_HAL_DRIVER -DSTM32L432xx -c -I../Core/Inc -I../Drivers/STM32L4xx_HAL_Driver/Inc -I../Drivers/STM32L4xx_HAL_Driver/Inc/Legacy -I../Drivers/CMSIS/Device/ST/STM32L4xx/Include -I../Drivers/CMSIS/Include -O0 -ffunction-sections -fdata-sections -Wall -fstack-usage -fcyclomatic-complexity -MMD -MP -MF"Core/Src/usart.d" -MT"Core/Src/usart.o" --specs=nano.specs -mfpu=fpv4-sp-d16 -mfloat-abi=hard -mthumb -o "Core/Src/usart.o"
../Core/Src/main.c: In function 'main':
../Core/Src/main.c:153:30: warning: unused variable 'yaw' [-Wunused-variable]
  153 |           float roll, pitch, yaw;
      |                              ^~~
../Core/Src/main.c:153:23: warning: unused variable 'pitch' [-Wunused-variable]
  153 |           float roll, pitch, yaw;
      |                       ^~~~~
../Core/Src/main.c:153:17: warning: unused variable 'roll' [-Wunused-variable]
  153 |           float roll, pitch, yaw;
      |                 ^~~~
../Core/Src/main.c: At top level:
../Core/Src/main.c:189:1: error: expected identifier or '(' before '}' token
  189 | }
      | ^
make: *** [Core/Src/subdir.mk:49: Core/Src/main.o] Error 1
make: *** Waiting for unfinished jobs....
"make -j12 all" terminated with exit code 2. Build might be incomplete.
13:05:16 **** Incremental Build of configuration Debug for project PID_Flight_Controller ****
make -j12 all 
arm-none-eabi-gcc "../Core/Src/main.c" -mcpu=cortex-m4 -std=gnu11 -g3 -DDEBUG -DUSE_HAL_DRIVER -DSTM32L432xx -c -I../Core/Inc -I../Drivers/STM32L4xx_HAL_Driver/Inc -I../Drivers/STM32L4xx_HAL_Driver/Inc/Legacy -I../Drivers/CMSIS/Device/ST/STM32L4xx/Include -I../Drivers/CMSIS/Include -O0 -ffunction-sections -fdata-sections -Wall -fstack-usage -fcyclomatic-complexity -MMD -MP -MF"Core/Src/main.d" -MT"Core/Src/main.o" --specs=nano.specs -mfpu=fpv4-sp-d16 -mfloat-abi=hard -mthumb -o "Core/Src/main.o"
../Core/Src/main.c: In function 'main':
../Core/Src/main.c:153:30: warning: unused variable 'yaw' [-Wunused-variable]
  153 |           float roll, pitch, yaw;
      |                              ^~~
../Core/Src/main.c:153:23: warning: unused variable 'pitch' [-Wunused-variable]
  153 |           float roll, pitch, yaw;
      |                       ^~~~~
../Core/Src/main.c:153:17: warning: unused variable 'roll' [-Wunused-variable]
  153 |           float roll, pitch, yaw;
      |                 ^~~~
arm-none-eabi-gcc -o "PID_Flight_Controller.elf" @"objects.list"   -mcpu=cortex-m4 -T"C:\Users\filip\OneDrive\Dokumenty\PJATK\DRONE\IMPLEMENTACJA\STM32L432KCUX_FLASH.ld" --specs=nosys.specs -Wl,-Map="PID_Flight_Controller.map" -Wl,--gc-sections -static --specs=nano.specs -mfpu=fpv4-sp-d16 -mfloat-abi=hard -mthumb -Wl,--start-group -lc -lm -Wl,--end-group
Finished building target: PID_Flight_Controller.elf
 
arm-none-eabi-size  PID_Flight_Controller.elf 
arm-none-eabi-objdump -h -S PID_Flight_Controller.elf  > "PID_Flight_Controller.list"
   text	   data	    bss	    dec	    hex	filename
  19368	     20	   1924	  21312	   5340	PID_Flight_Controller.elf
Finished building: default.size.stdout
 
Finished building: PID_Flight_Controller.list
 
13:07:44 **** Incremental Build of configuration Debug for project PID_Flight_Controller ****
make -j12 all 
arm-none-eabi-gcc "../Core/Src/main.c" -mcpu=cortex-m4 -std=gnu11 -g3 -DDEBUG -DUSE_HAL_DRIVER -DSTM32L432xx -c -I../Core/Inc -I../Drivers/STM32L4xx_HAL_Driver/Inc -I../Drivers/STM32L4xx_HAL_Driver/Inc/Legacy -I../Drivers/CMSIS/Device/ST/STM32L4xx/Include -I../Drivers/CMSIS/Include -O0 -ffunction-sections -fdata-sections -Wall -fstack-usage -fcyclomatic-complexity -MMD -MP -MF"Core/Src/main.d" -MT"Core/Src/main.o" --specs=nano.specs -mfpu=fpv4-sp-d16 -mfloat-abi=hard -mthumb -o "Core/Src/main.o"
../Core/Src/main.c: In function 'main':
../Core/Src/main.c:140:34: warning: implicit declaration of function 'map_ibus_to_us' [-Wimplicit-function-declaration]
  140 |           uint16_t throttle_us = map_ibus_to_us(thr_raw);   // 1000–2000
      |                                  ^~~~~~~~~~~~~~
../Core/Src/main.c:153:30: warning: unused variable 'yaw' [-Wunused-variable]
  153 |           float roll, pitch, yaw;
      |                              ^~~
../Core/Src/main.c:153:23: warning: unused variable 'pitch' [-Wunused-variable]
  153 |           float roll, pitch, yaw;
      |                       ^~~~~
../Core/Src/main.c:153:17: warning: unused variable 'roll' [-Wunused-variable]
  153 |           float roll, pitch, yaw;
      |                 ^~~~
../Core/Src/main.c:140:20: warning: unused variable 'throttle_us' [-Wunused-variable]
  140 |           uint16_t throttle_us = map_ibus_to_us(thr_raw);   // 1000–2000
      |                    ^~~~~~~~~~~
../Core/Src/main.c:138:20: warning: unused variable 'arm_raw' [-Wunused-variable]
  138 |           uint16_t arm_raw = ibus_read_channel(4);   // np. kanał 5
      |                    ^~~~~~~
arm-none-eabi-gcc -o "PID_Flight_Controller.elf" @"objects.list"   -mcpu=cortex-m4 -T"C:\Users\filip\OneDrive\Dokumenty\PJATK\DRONE\IMPLEMENTACJA\STM32L432KCUX_FLASH.ld" --specs=nosys.specs -Wl,-Map="PID_Flight_Controller.map" -Wl,--gc-sections -static --specs=nano.specs -mfpu=fpv4-sp-d16 -mfloat-abi=hard -mthumb -Wl,--start-group -lc -lm -Wl,--end-group
C:/ST/STM32CubeIDE_1.19.0/STM32CubeIDE/plugins/com.st.stm32cube.ide.mcu.externaltools.gnu-tools-for-stm32.13.3.rel1.win32_1.0.0.202411081344/tools/bin/../lib/gcc/arm-none-eabi/13.3.1/../../../../arm-none-eabi/bin/ld.exe: ./Core/Src/main.o: in function `main':
C:/Users/filip/OneDrive/Dokumenty/PJATK/DRONE/IMPLEMENTACJA/Debug/../Core/Src/main.c:140:(.text.main+0x96): undefined reference to `map_ibus_to_us'
collect2.exe: error: ld returned 1 exit status
make: *** [makefile:64: PID_Flight_Controller.elf] Error 1
"make -j12 all" terminated with exit code 2. Build might be incomplete.
14:57:56 **** Incremental Build of configuration Debug for project PID_Flight_Controller ****
make -j12 all 
arm-none-eabi-gcc "../Core/Src/main.c" -mcpu=cortex-m4 -std=gnu11 -g3 -DDEBUG -DUSE_HAL_DRIVER -DSTM32L432xx -c -I../Core/Inc -I../Drivers/STM32L4xx_HAL_Driver/Inc -I../Drivers/STM32L4xx_HAL_Driver/Inc/Legacy -I../Drivers/CMSIS/Device/ST/STM32L4xx/Include -I../Drivers/CMSIS/Include -O0 -ffunction-sections -fdata-sections -Wall -fstack-usage -fcyclomatic-complexity -MMD -MP -MF"Core/Src/main.d" -MT"Core/Src/main.o" --specs=nano.specs -mfpu=fpv4-sp-d16 -mfloat-abi=hard -mthumb -o "Core/Src/main.o"
../Core/Src/main.c: In function 'main':
../Core/Src/main.c:153:30: warning: unused variable 'yaw' [-Wunused-variable]
  153 |           float roll, pitch, yaw;
      |                              ^~~
../Core/Src/main.c:153:23: warning: unused variable 'pitch' [-Wunused-variable]
  153 |           float roll, pitch, yaw;
      |                       ^~~~~
../Core/Src/main.c:153:17: warning: unused variable 'roll' [-Wunused-variable]
  153 |           float roll, pitch, yaw;
      |                 ^~~~
../Core/Src/main.c:141:16: warning: unused variable 'arm_switch' [-Wunused-variable]
  141 |           bool arm_switch = (arm_raw > 1500);
      |                ^~~~~~~~~~
../Core/Src/main.c:140:20: warning: unused variable 'throttle_us' [-Wunused-variable]
  140 |           uint16_t throttle_us = thr_raw;   // 1000–2000
      |                    ^~~~~~~~~~~
arm-none-eabi-gcc -o "PID_Flight_Controller.elf" @"objects.list"   -mcpu=cortex-m4 -T"C:\Users\filip\OneDrive\Dokumenty\PJATK\DRONE\IMPLEMENTACJA\STM32L432KCUX_FLASH.ld" --specs=nosys.specs -Wl,-Map="PID_Flight_Controller.map" -Wl,--gc-sections -static --specs=nano.specs -mfpu=fpv4-sp-d16 -mfloat-abi=hard -mthumb -Wl,--start-group -lc -lm -Wl,--end-group
Finished building target: PID_Flight_Controller.elf
 
arm-none-eabi-size  PID_Flight_Controller.elf 
arm-none-eabi-objdump -h -S PID_Flight_Controller.elf  > "PID_Flight_Controller.list"
   text	   data	    bss	    dec	    hex	filename
  19460	     20	   1924	  21404	   539c	PID_Flight_Controller.elf
Finished building: default.size.stdout
 
Finished building: PID_Flight_Controller.list
 
15:16:07 **** Incremental Build of configuration Debug for project PID_Flight_Controller ****
make -j12 all 
arm-none-eabi-gcc "../Core/Src/main.c" -mcpu=cortex-m4 -std=gnu11 -g3 -DDEBUG -DUSE_HAL_DRIVER -DSTM32L432xx -c -I../Core/Inc -I../Drivers/STM32L4xx_HAL_Driver/Inc -I../Drivers/STM32L4xx_HAL_Driver/Inc/Legacy -I../Drivers/CMSIS/Device/ST/STM32L4xx/Include -I../Drivers/CMSIS/Include -O0 -ffunction-sections -fdata-sections -Wall -fstack-usage -fcyclomatic-complexity -MMD -MP -MF"Core/Src/main.d" -MT"Core/Src/main.o" --specs=nano.specs -mfpu=fpv4-sp-d16 -mfloat-abi=hard -mthumb -o "Core/Src/main.o"
../Core/Src/main.c: In function 'main':
../Core/Src/main.c:140:20: error: redefinition of 'throttle_us'
  140 |           uint16_t throttle_us = thr_raw;   // 1000–2000
      |                    ^~~~~~~~~~~
../Core/Src/main.c:137:20: note: previous definition of 'throttle_us' with type 'uint16_t' {aka 'short unsigned int'}
  137 |           uint16_t throttle_us = ibus_read_channel(2);   // przykład: kanał 3 (0-based/1-based sam sobie ustalisz)
      |                    ^~~~~~~~~~~
../Core/Src/main.c:140:34: error: 'thr_raw' undeclared (first use in this function)
  140 |           uint16_t throttle_us = thr_raw;   // 1000–2000
      |                                  ^~~~~~~
../Core/Src/main.c:140:34: note: each undeclared identifier is reported only once for each function it appears in
../Core/Src/main.c:153:30: warning: unused variable 'yaw' [-Wunused-variable]
  153 |           float roll, pitch, yaw;
      |                              ^~~
../Core/Src/main.c:153:23: warning: unused variable 'pitch' [-Wunused-variable]
  153 |           float roll, pitch, yaw;
      |                       ^~~~~
../Core/Src/main.c:153:17: warning: unused variable 'roll' [-Wunused-variable]
  153 |           float roll, pitch, yaw;
      |                 ^~~~
../Core/Src/main.c:141:16: warning: unused variable 'arm_switch' [-Wunused-variable]
  141 |           bool arm_switch = (arm_raw > 1500);
      |                ^~~~~~~~~~
../Core/Src/main.c:140:20: warning: unused variable 'throttle_us' [-Wunused-variable]
  140 |           uint16_t throttle_us = thr_raw;   // 1000–2000
      |                    ^~~~~~~~~~~
make: *** [Core/Src/subdir.mk:49: Core/Src/main.o] Error 1
"make -j12 all" terminated with exit code 2. Build might be incomplete.
15:16:11 **** Incremental Build of configuration Debug for project PID_Flight_Controller ****
make -j12 all 
arm-none-eabi-gcc "../Core/Src/main.c" -mcpu=cortex-m4 -std=gnu11 -g3 -DDEBUG -DUSE_HAL_DRIVER -DSTM32L432xx -c -I../Core/Inc -I../Drivers/STM32L4xx_HAL_Driver/Inc -I../Drivers/STM32L4xx_HAL_Driver/Inc/Legacy -I../Drivers/CMSIS/Device/ST/STM32L4xx/Include -I../Drivers/CMSIS/Include -O0 -ffunction-sections -fdata-sections -Wall -fstack-usage -fcyclomatic-complexity -MMD -MP -MF"Core/Src/main.d" -MT"Core/Src/main.o" --specs=nano.specs -mfpu=fpv4-sp-d16 -mfloat-abi=hard -mthumb -o "Core/Src/main.o"
../Core/Src/main.c: In function 'main':
../Core/Src/main.c:152:30: warning: unused variable 'yaw' [-Wunused-variable]
  152 |           float roll, pitch, yaw;
      |                              ^~~
../Core/Src/main.c:152:23: warning: unused variable 'pitch' [-Wunused-variable]
  152 |           float roll, pitch, yaw;
      |                       ^~~~~
../Core/Src/main.c:152:17: warning: unused variable 'roll' [-Wunused-variable]
  152 |           float roll, pitch, yaw;
      |                 ^~~~
../Core/Src/main.c:140:16: warning: unused variable 'arm_switch' [-Wunused-variable]
  140 |           bool arm_switch = (arm_raw > 1500);
      |                ^~~~~~~~~~
../Core/Src/main.c:137:20: warning: unused variable 'throttle_us' [-Wunused-variable]
  137 |           uint16_t throttle_us = ibus_read_channel(2);   // przykład: kanał 3 (0-based/1-based sam sobie ustalisz)
      |                    ^~~~~~~~~~~
arm-none-eabi-gcc -o "PID_Flight_Controller.elf" @"objects.list"   -mcpu=cortex-m4 -T"C:\Users\filip\OneDrive\Dokumenty\PJATK\DRONE\IMPLEMENTACJA\STM32L432KCUX_FLASH.ld" --specs=nosys.specs -Wl,-Map="PID_Flight_Controller.map" -Wl,--gc-sections -static --specs=nano.specs -mfpu=fpv4-sp-d16 -mfloat-abi=hard -mthumb -Wl,--start-group -lc -lm -Wl,--end-group
Finished building target: PID_Flight_Controller.elf
 
arm-none-eabi-size  PID_Flight_Controller.elf 
arm-none-eabi-objdump -h -S PID_Flight_Controller.elf  > "PID_Flight_Controller.list"
   text	   data	    bss	    dec	    hex	filename
  19456	     20	   1924	  21400	   5398	PID_Flight_Controller.elf
Finished building: default.size.stdout
 
Finished building: PID_Flight_Controller.list
 
15:34:55 **** Incremental Build of configuration Debug for project PID_Flight_Controller ****
make -j12 all 
arm-none-eabi-gcc "../Core/Src/main.c" -mcpu=cortex-m4 -std=gnu11 -g3 -DDEBUG -DUSE_HAL_DRIVER -DSTM32L432xx -c -I../Core/Inc -I../Drivers/STM32L4xx_HAL_Driver/Inc -I../Drivers/STM32L4xx_HAL_Driver/Inc/Legacy -I../Drivers/CMSIS/Device/ST/STM32L4xx/Include -I../Drivers/CMSIS/Include -O0 -ffunction-sections -fdata-sections -Wall -fstack-usage -fcyclomatic-complexity -MMD -MP -MF"Core/Src/main.d" -MT"Core/Src/main.o" --specs=nano.specs -mfpu=fpv4-sp-d16 -mfloat-abi=hard -mthumb -o "Core/Src/main.o"
../Core/Src/main.c: In function 'main':
../Core/Src/main.c:146:16: warning: unused variable 'arm_switch' [-Wunused-variable]
  146 |           bool arm_switch = (arm_raw > 1500);
      |                ^~~~~~~~~~
arm-none-eabi-gcc -o "PID_Flight_Controller.elf" @"objects.list"   -mcpu=cortex-m4 -T"C:\Users\filip\OneDrive\Dokumenty\PJATK\DRONE\IMPLEMENTACJA\STM32L432KCUX_FLASH.ld" --specs=nosys.specs -Wl,-Map="PID_Flight_Controller.map" -Wl,--gc-sections -static --specs=nano.specs -mfpu=fpv4-sp-d16 -mfloat-abi=hard -mthumb -Wl,--start-group -lc -lm -Wl,--end-group
Finished building target: PID_Flight_Controller.elf
 
arm-none-eabi-size  PID_Flight_Controller.elf 
arm-none-eabi-objdump -h -S PID_Flight_Controller.elf  > "PID_Flight_Controller.list"
   text	   data	    bss	    dec	    hex	filename
  19764	     20	   1924	  21708	   54cc	PID_Flight_Controller.elf
Finished building: default.size.stdout
 
Finished building: PID_Flight_Controller.list
 
15:37:30 **** Incremental Build of configuration Debug for project PID_Flight_Controller ****
make -j12 all 
arm-none-eabi-gcc "../Core/Src/main.c" -mcpu=cortex-m4 -std=gnu11 -g3 -DDEBUG -DUSE_HAL_DRIVER -DSTM32L432xx -c -I../Core/Inc -I../Drivers/STM32L4xx_HAL_Driver/Inc -I../Drivers/STM32L4xx_HAL_Driver/Inc/Legacy -I../Drivers/CMSIS/Device/ST/STM32L4xx/Include -I../Drivers/CMSIS/Include -O0 -ffunction-sections -fdata-sections -Wall -fstack-usage -fcyclomatic-complexity -MMD -MP -MF"Core/Src/main.d" -MT"Core/Src/main.o" --specs=nano.specs -mfpu=fpv4-sp-d16 -mfloat-abi=hard -mthumb -o "Core/Src/main.o"
../Core/Src/main.c: In function 'main':
../Core/Src/main.c:146:11: error: 'throttle_us' undeclared (first use in this function)
  146 |           throttle_us = thr_raw;
      |           ^~~~~~~~~~~
../Core/Src/main.c:146:11: note: each undeclared identifier is reported only once for each function it appears in
../Core/Src/main.c:149:16: warning: unused variable 'arm_switch' [-Wunused-variable]
  149 |           bool arm_switch = (arm_raw > 1500);
      |                ^~~~~~~~~~
make: *** [Core/Src/subdir.mk:49: Core/Src/main.o] Error 1
"make -j12 all" terminated with exit code 2. Build might be incomplete.
15:37:46 **** Incremental Build of configuration Debug for project PID_Flight_Controller ****
make -j12 all 
arm-none-eabi-gcc "../Core/Src/main.c" -mcpu=cortex-m4 -std=gnu11 -g3 -DDEBUG -DUSE_HAL_DRIVER -DSTM32L432xx -c -I../Core/Inc -I../Drivers/STM32L4xx_HAL_Driver/Inc -I../Drivers/STM32L4xx_HAL_Driver/Inc/Legacy -I../Drivers/CMSIS/Device/ST/STM32L4xx/Include -I../Drivers/CMSIS/Include -O0 -ffunction-sections -fdata-sections -Wall -fstack-usage -fcyclomatic-complexity -MMD -MP -MF"Core/Src/main.d" -MT"Core/Src/main.o" --specs=nano.specs -mfpu=fpv4-sp-d16 -mfloat-abi=hard -mthumb -o "Core/Src/main.o"
../Core/Src/main.c: In function 'main':
../Core/Src/main.c:149:16: warning: unused variable 'arm_switch' [-Wunused-variable]
  149 |           bool arm_switch = (arm_raw > 1500);
      |                ^~~~~~~~~~
arm-none-eabi-gcc -o "PID_Flight_Controller.elf" @"objects.list"   -mcpu=cortex-m4 -T"C:\Users\filip\OneDrive\Dokumenty\PJATK\DRONE\IMPLEMENTACJA\STM32L432KCUX_FLASH.ld" --specs=nosys.specs -Wl,-Map="PID_Flight_Controller.map" -Wl,--gc-sections -static --specs=nano.specs -mfpu=fpv4-sp-d16 -mfloat-abi=hard -mthumb -Wl,--start-group -lc -lm -Wl,--end-group
Finished building target: PID_Flight_Controller.elf
 
arm-none-eabi-size  PID_Flight_Controller.elf 
arm-none-eabi-objdump -h -S PID_Flight_Controller.elf  > "PID_Flight_Controller.list"
   text	   data	    bss	    dec	    hex	filename
  19768	     20	   1924	  21712	   54d0	PID_Flight_Controller.elf
Finished building: default.size.stdout
 
Finished building: PID_Flight_Controller.list
 
