../Core/Inc/bno055_stm32.h:20:6:bno055_assignI2C	1
../Core/Inc/bno055_stm32.h:24:6:bno055_delay	1
../Core/Inc/bno055_stm32.h:32:6:bno055_writeData	21
../Core/Inc/bno055_stm32.h:96:6:bno055_readData	1
../Core/Src/main.c:97:21:clampf	3
../Core/Src/main.c:104:21:apply_deadband	4
../Core/Src/main.c:112:21:rc_us_to_norm	1
../Core/Src/main.c:123:5:main	11
../Core/Src/main.c:349:6:SystemClock_Config	4
../Core/Src/main.c:406:6:HAL_TIM_PeriodElapsedCallback	2
../Core/Src/main.c:414:5:_write	1
../Core/Src/main.c:429:6:Error_Handler	1
