../Core/Inc/bno055_stm32.h:24:6:bno055_assignI2C	1
../Core/Inc/bno055_stm32.h:28:6:bno055_delay	1
../Core/Inc/bno055_stm32.h:36:6:bno055_writeData	21
../Core/Inc/bno055_stm32.h:100:6:bno055_readData	1
../Core/Src/main.c:99:21:clampf	3
../Core/Src/main.c:106:21:apply_deadband	4
../Core/Src/main.c:115:21:rc_us_to_norm	1
../Core/Src/main.c:126:5:main	11
../Core/Src/main.c:348:6:SystemClock_Config	4
../Core/Src/main.c:405:6:HAL_TIM_PeriodElapsedCallback	2
../Core/Src/main.c:414:5:_write	1
../Core/Src/main.c:429:6:Error_Handler	1
